Component: ARM Compiler 5.06 update 4 (build 422) Tool: armlink [4d35d2]

==============================================================================

Section Cross References

    startup_stm32f40_41xxx.o(STACK) refers (Special) to heapauxi.o(.text) for __use_two_region_memory
    startup_stm32f40_41xxx.o(HEAP) refers (Special) to heapauxi.o(.text) for __use_two_region_memory
    startup_stm32f40_41xxx.o(RESET) refers (Special) to heapauxi.o(.text) for __use_two_region_memory
    startup_stm32f40_41xxx.o(RESET) refers to startup_stm32f40_41xxx.o(STACK) for __initial_sp
    startup_stm32f40_41xxx.o(RESET) refers to startup_stm32f40_41xxx.o(.text) for Reset_Handler
    startup_stm32f40_41xxx.o(RESET) refers to timer.o(i.TIM2_IRQHandler) for TIM2_IRQHandler
    startup_stm32f40_41xxx.o(RESET) refers to timer.o(i.TIM6_DAC_IRQHandler) for TIM6_DAC_IRQHandler
    startup_stm32f40_41xxx.o(.text) refers (Special) to heapauxi.o(.text) for __use_two_region_memory
    startup_stm32f40_41xxx.o(.text) refers to __main.o(!!!main) for __main
    startup_stm32f40_41xxx.o(.text) refers to startup_stm32f40_41xxx.o(HEAP) for Heap_Mem
    startup_stm32f40_41xxx.o(.text) refers to startup_stm32f40_41xxx.o(STACK) for Stack_Mem
    test.o(i.InitGlbSt) refers to 24cxx.o(i.AT24CXX_Init) for AT24CXX_Init
    test.o(i.InitGlbSt) refers to 24cxx.o(i.Get_Para_IIC) for Get_Para_IIC
    test.o(i.InitGlbSt) refers to sys.o(i.getCRCtable2) for getCRCtable2
    test.o(i.InitGlbSt) refers to test.o(.bss) for Try_ParaVar
    test.o(i.InitGlbSt) refers to sys.o(.bss) for crcTalbe
    test.o(i.InitHardware) refers to sys.o(i.GPIO_Set) for GPIO_Set
    test.o(i.InitHardware) refers to digpot.o(i.DIGPOT_Init) for DIGPOT_Init
    test.o(i.InitHardware) refers to digpot.o(i.DIGPOT_Write) for DIGPOT_Write
    test.o(i.InitHardware) refers to gps.o(i.GPS_Pow_init) for GPS_Pow_init
    test.o(i.InitHardware) refers to gps.o(i.GPS_Pow_Re) for GPS_Pow_Re
    test.o(i.InitHardware) refers to sys.o(i.LED_Init) for LED_Init
    test.o(i.InitHardware) refers to tmp121.o(i.init_TMP121) for init_TMP121
    test.o(i.InitHardware) refers to delay.o(i.delay_ms) for delay_ms
    test.o(i.InitHardware) refers to timer.o(i.TIM6_50ms_Init) for TIM6_50ms_Init
    test.o(i.InitHardware) refers to usart.o(i.UART6_SYS_init) for UART6_SYS_init
    test.o(i.InitHardware) refers to usart.o(i.Send_STA_Sys) for Send_STA_Sys
    test.o(i.InitHardware) refers to gps.o(i.UART1_GPS_init) for UART1_GPS_init
    test.o(i.InitHardware) refers to test.o(i.initPPSSel) for initPPSSel
    test.o(i.InitHardware) refers to test.o(i.initKeepSta) for initKeepSta
    test.o(i.InitHardware) refers to test.o(.bss) for G_StaV_St
    test.o(i.ProcPer1s) refers to timer.o(i.TIM2_ExPul_Meas_Stop) for TIM2_ExPul_Meas_Stop
    test.o(i.ProcPer1s) refers to timer.o(i.TIM2_ExPul_Meas_Start) for TIM2_ExPul_Meas_Start
    test.o(i.ProcPer1s) refers to tmp121.o(i.Get_TMP_Raw) for Get_TMP_Raw
    test.o(i.ProcPer1s) refers to gps.o(i.GPS_Pow_Re) for GPS_Pow_Re
    test.o(i.ProcPer1s) refers to test.o(i.refPPSSel) for refPPSSel
    test.o(i.ProcPer1s) refers to timer.o(i.CheckTimerOve) for CheckTimerOve
    test.o(i.ProcPer1s) refers to test.o(.bss) for G_StaV_St
    test.o(i.ProcPer1s) refers to test.o(.data) for exPulMeasFlag
    test.o(i.SetPPSSel) refers to test.o(.data) for PPS_Sel_Flag
    test.o(i.initKeepSta) refers to sys.o(i.GPIO_Set) for GPIO_Set
    test.o(i.initPPSSel) refers to sys.o(i.GPIO_Set) for GPIO_Set
    test.o(i.initPPSSel) refers to test.o(i.SetPPSSel) for SetPPSSel
    test.o(i.main) refers to delay.o(i.delay_init) for delay_init
    test.o(i.main) refers to delay.o(i.delay_ms) for delay_ms
    test.o(i.main) refers to sys.o(i.Stm32_Clock_Init) for Stm32_Clock_Init
    test.o(i.main) refers to test.o(i.InitGlbSt) for InitGlbSt
    test.o(i.main) refers to test.o(i.InitHardware) for InitHardware
    test.o(i.main) refers to timer.o(i.TIM2_KEEP_Init) for TIM2_KEEP_Init
    test.o(i.main) refers to test.o(i.ProcPer1s) for ProcPer1s
    test.o(i.main) refers to usart.o(i.Send_Sys_MeasPlu) for Send_Sys_MeasPlu
    test.o(i.main) refers to timer.o(i.CheckTimerOve) for CheckTimerOve
    test.o(i.main) refers to timer.o(i.TIM2_ExPul_Meas_Start) for TIM2_ExPul_Meas_Start
    test.o(i.main) refers to usart.o(i.Send_Sys_NavPPS) for Send_Sys_NavPPS
    test.o(i.main) refers to usart.o(i.Send_Sys_GPSPPS) for Send_Sys_GPSPPS
    test.o(i.main) refers to gps.o(i.Prorc_GPS_Top) for Prorc_GPS_Top
    test.o(i.main) refers to usart.o(i.Proc_RxByte_SYS) for Proc_RxByte_SYS
    test.o(i.main) refers to usart.o(i.Proc_RxCMD_SYS) for Proc_RxCMD_SYS
    test.o(i.main) refers to usart.o(i.ProcPC_CMD) for ProcPC_CMD
    test.o(i.main) refers to usart.o(i.Proc_TxFrame_SYS) for Proc_TxFrame_SYS
    test.o(i.main) refers to usart.o(i.Send_STA_Sys) for Send_STA_Sys
    test.o(i.main) refers to timer.o(i.TIM2_Meas_Start) for TIM2_Meas_Start
[...]
    Removing stmflash.o(.revsh_text), (4 bytes).
    Removing stmflash.o(i.Get_Para), (176 bytes).
    Removing stmflash.o(i.STMFLASH_EraseSector), (116 bytes).
    Removing stmflash.o(i.STMFLASH_GetFlashSector), (160 bytes).
    Removing stmflash.o(i.STMFLASH_GetStatus), (64 bytes).
    Removing stmflash.o(i.STMFLASH_Lock), (20 bytes).
    Removing stmflash.o(i.STMFLASH_Read), (32 bytes).
    Removing stmflash.o(i.STMFLASH_ReadWord), (6 bytes).
    Removing stmflash.o(i.STMFLASH_Unlock), (24 bytes).
    Removing stmflash.o(i.STMFLASH_WaitDone), (40 bytes).
    Removing stmflash.o(i.STMFLASH_Write), (164 bytes).
    Removing stmflash.o(i.STMFLASH_WriteWord), (84 bytes).
    Removing stmflash.o(i.Set_Para), (76 bytes).
    Removing stmflash.o(i.Test_Write), (16 bytes).
    Removing 24cxx.o(.rev16_text), (4 bytes).
    Removing 24cxx.o(.revsh_text), (4 bytes).
    Removing 24cxx.o(i.AT24CXX_Check), (46 bytes).
    Removing 24cxx.o(i.AT24CXX_ReadLenByte), (44 bytes).
    Removing 24cxx.o(i.AT24CXX_WriteLenByte), (42 bytes).
    Removing myiic.o(.rev16_text), (4 bytes).
    Removing myiic.o(.revsh_text), (4 bytes).
    Removing tmp121.o(.rev16_text), (4 bytes).
    Removing tmp121.o(.revsh_text), (4 bytes).

50 unused section(s) (total 2274 bytes) removed from the image.

==============================================================================

Image Symbol Table

    Local Symbols

    Symbol Name                              Value     Ov Type        Size  Object(Section)

    ../clib/angel/boardlib.s                 0x00000000   Number         0  boardshut.o ABSOLUTE
    ../clib/angel/boardlib.s                 0x00000000   Number         0  boardinit3.o ABSOLUTE
    ../clib/angel/boardlib.s                 0x00000000   Number         0  boardinit2.o ABSOLUTE
    ../clib/angel/boardlib.s                 0x00000000   Number         0  boardinit1.o ABSOLUTE
    ../clib/angel/handlers.s                 0x00000000   Number         0  __scatter_zi.o ABSOLUTE
    ../clib/angel/handlers.s                 0x00000000   Number         0  __scatter_copy.o ABSOLUTE
    ../clib/angel/kernel.s                   0x00000000   Number         0  __rtentry.o ABSOLUTE
    ../clib/angel/kernel.s                   0x00000000   Number         0  rtexit2.o ABSOLUTE
    ../clib/angel/kernel.s                   0x00000000   Number         0  rtexit.o ABSOLUTE
    ../clib/angel/kernel.s                   0x00000000   Number         0  __rtentry4.o ABSOLUTE
    ../clib/angel/kernel.s                   0x00000000   Number         0  __rtentry2.o ABSOLUTE
    ../clib/angel/rt.s                       0x00000000   Number         0  rt_raise.o ABSOLUTE
    ../clib/angel/scatter.s                  0x00000000   Number         0  __scatter.o ABSOLUTE
    ../clib/angel/startup.s                  0x00000000   Number         0  __main.o ABSOLUTE
    ../clib/angel/sys.s                      0x00000000   Number         0  indicate_semi.o ABSOLUTE
    ../clib/angel/sys.s                      0x00000000   Number         0  use_no_semi.o ABSOLUTE
    ../clib/angel/sys.s                      0x00000000   Number         0  libspace.o ABSOLUTE
    ../clib/angel/sys.s                      0x00000000   Number         0  sys_stackheap_outer.o ABSOLUTE
    ../clib/angel/sysapp.c                   0x00000000   Number         0  sys_command.o ABSOLUTE
    ../clib/angel/sysapp.c                   0x00000000   Number         0  sys_exit.o ABSOLUTE
    ../clib/angel/sysapp.c                   0x00000000   Number         0  sys_wrch.o ABSOLUTE
    ../clib/armsys.c                         0x00000000   Number         0  no_argv.o ABSOLUTE
    ../clib/armsys.c                         0x00000000   Number         0  _get_argv_nomalloc.o ABSOLUTE
    ../clib/armsys.c                         0x00000000   Number         0  argv_veneer.o ABSOLUTE
    ../clib/armsys.c                         0x00000000   Number         0  argv_veneer.o ABSOLUTE
    ../clib/heapalloc.c                      0x00000000   Number         0  hrguard.o ABSOLUTE
    ../clib/heapaux.c                        0x00000000   Number         0  heapauxi.o ABSOLUTE
    ../clib/libinit.s                        0x00000000   Number         0  libinit2.o ABSOLUTE
    ../clib/libinit.s                        0x00000000   Number         0  libshutdown2.o ABSOLUTE
    ../clib/libinit.s                        0x00000000   Number         0  libshutdown.o ABSOLUTE
    ../clib/libinit.s                        0x00000000   Number         0  libinit.o ABSOLUTE
    ../clib/memcpset.s                       0x00000000   Number         0  rt_memcpy_v6.o ABSOLUTE
    ../clib/memcpset.s                       0x00000000   Number         0  rt_memcpy_w.o ABSOLUTE
    ../clib/memcpset.s                       0x00000000   Number         0  strcmpv7m.o ABSOLUTE
    ../clib/signal.c                         0x00000000   Number         0  defsig_exit.o ABSOLUTE
    ../clib/signal.c                         0x00000000   Number         0  defsig_abrt_inner.o ABSOLUTE
    ../clib/signal.c                         0x00000000   Number         0  defsig_general.o ABSOLUTE
    ../clib/signal.c                         0x00000000   Number         0  __raise.o ABSOLUTE
    ../clib/signal.c                         0x00000000   Number         0  defsig_rtmem_formal.o ABSOLUTE
    ../clib/signal.c                         0x00000000   Number         0  defsig_rtmem_outer.o ABSOLUTE
    ../clib/signal.c                         0x00000000   Number         0  defsig_segv_inner.o ABSOLUTE
    ../clib/signal.c                         0x00000000   Number         0  defsig_cppl_inner.o ABSOLUTE
    ../clib/signal.c                         0x00000000   Number         0  defsig_pvfn_inner.o ABSOLUTE
    ../clib/signal.c                         0x00000000   Number         0  defsig_rtmem_inner.o ABSOLUTE
    ../clib/signal.c                         0x00000000   Number         0  defsig_stak_inner.o ABSOLUTE
    ../clib/signal.c                         0x00000000   Number         0  defsig_rtred_inner.o ABSOLUTE
    ../clib/signal.c                         0x00000000   Number         0  defsig_fpe_inner.o ABSOLUTE
    ../clib/signal.c                         0x00000000   Number         0  defsig_other.o ABSOLUTE
    ../clib/signal.s                         0x00000000   Number         0  defsig.o ABSOLUTE
    ../clib/stdlib.c                         0x00000000   Number         0  exit.o ABSOLUTE
    ../fplib/basic.s                         0x00000000   Number         0  basic.o ABSOLUTE
    ../fplib/daddsub.s                       0x00000000   Number         0  daddsub_clz.o ABSOLUTE
    ../fplib/dcmpi.s                         0x00000000   Number         0  dcmpi.o ABSOLUTE
    ../fplib/ddiv.s                          0x00000000   Number         0  ddiv.o ABSOLUTE
    ../fplib/dfix.s                          0x00000000   Number         0  dfix.o ABSOLUTE
    ../fplib/dflt.s                          0x00000000   Number         0  dflt_clz.o ABSOLUTE
    ../fplib/dleqf.s                         0x00000000   Number         0  dleqf.o ABSOLUTE
    ../fplib/dmul.s                          0x00000000   Number         0  dmul.o ABSOLUTE
    ../fplib/dnaninf.s                       0x00000000   Number         0  dnaninf.o ABSOLUTE
    ../fplib/dretinf.s                       0x00000000   Number         0  dretinf.o ABSOLUTE
    ../fplib/drleqf.s                        0x00000000   Number         0  drleqf.o ABSOLUTE
    ../fplib/f2d.s                           0x00000000   Number         0  f2d.o ABSOLUTE
    ../fplib/fnaninf.s                       0x00000000   Number         0  fnaninf.o ABSOLUTE
    ../fplib/fpinit.s                        0x00000000   Number         0  fpinit.o ABSOLUTE
    ../fplib/usenofp.s                       0x00000000   Number         0  usenofp.o ABSOLUTE
    ..\HARDWARE\24CXX\24cxx.c                0x00000000   Number         0  24cxx.o ABSOLUTE
    ..\HARDWARE\24CXX\myiic.c                0x00000000   Number         0  myiic.o ABSOLUTE
    ..\HARDWARE\DIGPOT\DIGPOT.c              0x00000000   Number         0  digpot.o ABSOLUTE
    ..\HARDWARE\GPS\GPS.c                    0x00000000   Number         0  gps.o ABSOLUTE
    ..\HARDWARE\SPI\spi.c                    0x00000000   Number         0  spi.o ABSOLUTE
    ..\HARDWARE\STMFLASH\stmflash.c          0x00000000   Number         0  stmflash.o ABSOLUTE
    ..\HARDWARE\TIMER\timer.c                0x00000000   Number         0  timer.o ABSOLUTE
    ..\HARDWARE\TMP121\TMP121.c              0x00000000   Number         0  tmp121.o ABSOLUTE
    ..\SYSTEM\delay\delay.c                  0x00000000   Number         0  delay.o ABSOLUTE
    ..\SYSTEM\sys\sys.c                      0x00000000   Number         0  sys.o ABSOLUTE
    ..\SYSTEM\usart\usart.c                  0x00000000   Number         0  usart.o ABSOLUTE
    ..\\HARDWARE\\24CXX\\24cxx.c             0x00000000   Number         0  24cxx.o ABSOLUTE
    ..\\HARDWARE\\24CXX\\myiic.c             0x00000000   Number         0  myiic.o ABSOLUTE
    ..\\HARDWARE\\DIGPOT\\DIGPOT.c           0x00000000   Number         0  digpot.o ABSOLUTE
    ..\\HARDWARE\\GPS\\GPS.c                 0x00000000   Number         0  gps.o ABSOLUTE
    ..\\HARDWARE\\SPI\\spi.c                 0x00000000   Number         0  spi.o ABSOLUTE
    ..\\HARDWARE\\STMFLASH\\stmflash.c       0x00000000   Number         0  stmflash.o ABSOLUTE
    ..\\HARDWARE\\TIMER\\timer.c             0x00000000   Number         0  timer.o ABSOLUTE
    ..\\HARDWARE\\TMP121\\TMP121.c           0x00000000   Number         0  tmp121.o ABSOLUTE
    ..\\SYSTEM\\delay\\delay.c               0x00000000   Number         0  delay.o ABSOLUTE
    ..\\SYSTEM\\sys\\sys.c                   0x00000000   Number         0  sys.o ABSOLUTE
    ..\\SYSTEM\\usart\\usart.c               0x00000000   Number         0  usart.o ABSOLUTE
    dc.s                                     0x00000000   Number         0  dc.o ABSOLUTE
    startup_stm32f40_41xxx.s                 0x00000000   Number         0  startup_stm32f40_41xxx.o ABSOLUTE
    test.c                                   0x00000000   Number         0  test.o ABSOLUTE
    test.c                                   0x00000000   Number         0  test.o ABSOLUTE
    RESET                                    0x08000000   Section      392  startup_stm32f40_41xxx.o(RESET)
    !!!main                                  0x08000188   Section        8  __main.o(!!!main)
    !!!scatter                               0x08000190   Section       52  __scatter.o(!!!scatter)
    !!handler_copy                           0x080001c4   Section       26  __scatter_copy.o(!!handler_copy)
    !!handler_zi                             0x080001e0   Section       28  __scatter_zi.o(!!handler_zi)
    .ARM.Collect$$libinit$$00000000          0x080001fc   Section        2  libinit.o(.ARM.Collect$$libinit$$00000000)
    .ARM.Collect$$libinit$$00000001          0x080001fe   Section        4  libinit2.o(.ARM.Collect$$libinit$$00000001)
    .ARM.Collect$$libinit$$00000004          0x08000202   Section        0  libinit2.o(.ARM.Collect$$libinit$$00000004)
    .ARM.Collect$$libinit$$0000000A          0x08000202   Section        0  libinit2.o(.ARM.Collect$$libinit$$0000000A)
    .ARM.Collect$$libinit$$0000000C          0x08000202   Section        0  libinit2.o(.ARM.Collect$$libinit$$0000000C)
    .ARM.Collect$$libinit$$0000000E          0x08000202   Section        0  libinit2.o(.ARM.Collect$$libinit$$0000000E)
    .ARM.Collect$$libinit$$00000011          0x08000202   Section        0  libinit2.o(.ARM.Collect$$libinit$$00000011)
    .ARM.Collect$$libinit$$00000013          0x08000202   Section        0  libinit2.o(.ARM.Collect$$libinit$$00000013)
    .ARM.Collect$$libinit$$00000015          0x08000202   Section        0  libinit2.o(.ARM.Collect$$libinit$$00000015)
    .ARM.Collect$$libinit$$00000017          0x08000202   Section        0  libinit2.o(.ARM.Collect$$libinit$$00000017)
    .ARM.Collect$$libinit$$00000019          0x08000202   Section        0  libinit2.o(.ARM.Collect$$libinit$$00000019)
    .ARM.Collect$$libinit$$0000001B          0x08000202   Section        0  libinit2.o(.ARM.Collect$$libinit$$0000001B)
    .ARM.Collect$$libinit$$0000001D          0x08000202   Section        0  libinit2.o(.ARM.Collect$$libinit$$0000001D)
    .ARM.Collect$$libinit$$0000001F          0x08000202   Section        0  libinit2.o(.ARM.Collect$$libinit$$0000001F)
    .ARM.Collect$$libinit$$00000021          0x08000202   Section        0  libinit2.o(.ARM.Collect$$libinit$$00000021)
    .ARM.Collect$$libinit$$00000023          0x08000202   Section        0  libinit2.o(.ARM.Collect$$libinit$$00000023)
    .ARM.Collect$$libinit$$00000025          0x08000202   Section        0  libinit2.o(.ARM.Collect$$libinit$$00000025)
    .ARM.Collect$$libinit$$0000002C          0x08000202   Section        0  libinit2.o(.ARM.Collect$$libinit$$0000002C)
    .ARM.Collect$$libinit$$0000002E          0x08000202   Section        0  libinit2.o(.ARM.Collect$$libinit$$0000002E)
    .ARM.Collect$$libinit$$00000030          0x08000202   Section        0  libinit2.o(.ARM.Collect$$libinit$$00000030)
    .ARM.Collect$$libinit$$00000032          0x08000202   Section        0  libinit2.o(.ARM.Collect$$libinit$$00000032)
    .ARM.Collect$$libinit$$00000033          0x08000202   Section        2  libinit2.o(.ARM.Collect$$libinit$$00000033)
    .ARM.Collect$$libshutdown$$00000000      0x08000204   Section        2  libshutdown.o(.ARM.Collect$$libshutdown$$00000000)
    .ARM.Collect$$libshutdown$$00000002      0x08000206   Section        0  libshutdown2.o(.ARM.Collect$$libshutdown$$00000002)
    .ARM.Collect$$libshutdown$$00000004      0x08000206   Section        0  libshutdown2.o(.ARM.Collect$$libshutdown$$00000004)
    .ARM.Collect$$libshutdown$$00000007      0x08000206   Section        0  libshutdown2.o(.ARM.Collect$$libshutdown$$00000007)
    .ARM.Collect$$libshutdown$$0000000A      0x08000206   Section        0  libshutdown2.o(.ARM.Collect$$libshutdown$$0000000A)
    .ARM.Collect$$libshutdown$$0000000C      0x08000206   Section        0  libshutdown2.o(.ARM.Collect$$libshutdown$$0000000C)
    .ARM.Collect$$libshutdown$$0000000F      0x08000206   Section        0  libshutdown2.o(.ARM.Collect$$libshutdown$$0000000F)
    .ARM.Collect$$libshutdown$$00000010      0x08000206   Section        2  libshutdown2.o(.ARM.Collect$$libshutdown$$00000010)
    .ARM.Collect$$rtentry$$00000000          0x08000208   Section        0  __rtentry.o(.ARM.Collect$$rtentry$$00000000)
    .ARM.Collect$$rtentry$$00000002          0x08000208   Section        0  __rtentry2.o(.ARM.Collect$$rtentry$$00000002)
    .ARM.Collect$$rtentry$$00000004          0x08000208   Section        6  __rtentry4.o(.ARM.Collect$$rtentry$$00000004)
    .ARM.Collect$$rtentry$$00000009          0x0800020e   Section        0  __rtentry2.o(.ARM.Collect$$rtentry$$00000009)
    .ARM.Collect$$rtentry$$0000000A          0x0800020e   Section        4  __rtentry2.o(.ARM.Collect$$rtentry$$0000000A)
    .ARM.Collect$$rtentry$$0000000C          0x08000212   Section        0  __rtentry2.o(.ARM.Collect$$rtentry$$0000000C)
    .ARM.Collect$$rtentry$$0000000D          0x08000212   Section        8  __rtentry2.o(.ARM.Collect$$rtentry$$0000000D)
    .ARM.Collect$$rtexit$$00000000           0x0800021a   Section        2  rtexit.o(.ARM.Collect$$rtexit$$00000000)
    .ARM.Collect$$rtexit$$00000002           0x0800021c   Section        0  rtexit2.o(.ARM.Collect$$rtexit$$00000002)
    .ARM.Collect$$rtexit$$00000003           0x0800021c   Section        4  rtexit2.o(.ARM.Collect$$rtexit$$00000003)
    .ARM.Collect$$rtexit$$00000004           0x08000220   Section        6  rtexit2.o(.ARM.Collect$$rtexit$$00000004)
    .text                                    0x08000228   Section       68  startup_stm32f40_41xxx.o(.text)
    $v0                                      0x08000228   Number         0  startup_stm32f40_41xxx.o(.text)
    .text                                    0x0800026c   Section      138  rt_memcpy_v6.o(.text)
    .text                                    0x080002f8   Section      128  strcmpv7m.o(.text)
    .text                                    0x08000378   Section        0  heapauxi.o(.text)
    .text                                    0x0800037e   Section      100  rt_memcpy_w.o(.text)
    .text                                    0x080003e2   Section       74  sys_stackheap_outer.o(.text)
    .text                                    0x0800042c   Section        0  exit.o(.text)
    .text                                    0x08000440   Section        8  libspace.o(.text)
    .text                                    0x08000448   Section        0  sys_exit.o(.text)
    .text                                    0x08000454   Section        2  use_no_semi.o(.text)
    .text                                    0x08000456   Section        0  indicate_semi.o(.text)
    i.AT24CXX_Init                           0x08000456   Section        0  24cxx.o(i.AT24CXX_Init)
    i.AT24CXX_Read                           0x0800045e   Section        0  24cxx.o(i.AT24CXX_Read)
    i.AT24CXX_ReadOneByte                    0x08000480   Section        0  24cxx.o(i.AT24CXX_ReadOneByte)
    i.AT24CXX_Write                          0x080004d8   Section        0  24cxx.o(i.AT24CXX_Write)
    i.AT24CXX_WriteOneByte                   0x080004fc   Section        0  24cxx.o(i.AT24CXX_WriteOneByte)
    i.AdjCalc                                0x0800054c   Section        0  timer.o(i.AdjCalc)
    i.CheckBcc                               0x080005b0   Section        0  usart.o(i.CheckBcc)
    i.CheckBccGPS                            0x080005ca   Section        0  gps.o(i.CheckBccGPS)
    i.CheckTimerOve                          0x080005e4   Section        0  timer.o(i.CheckTimerOve)
    i.DIGPOT_Init                            0x0800061c   Section        0  digpot.o(i.DIGPOT_Init)
    i.DIGPOT_Write                           0x08000664   Section        0  digpot.o(i.DIGPOT_Write)
    i.Enable_U6_Tx_DMA                       0x080006a8   Section        0  usart.o(i.Enable_U6_Tx_DMA)
    i.GPIO_AF_Set                            0x08000748   Section        0  sys.o(i.GPIO_AF_Set)
    i.GPIO_Set                               0x08000788   Section        0  sys.o(i.GPIO_Set)
    i.GPS_Pow                                0x08000868   Section        0  gps.o(i.GPS_Pow)
    i.GPS_Pow_Re                             0x08000880   Section        0  gps.o(i.GPS_Pow_Re)
    i.GPS_Pow_init                           0x08000938   Section        0  gps.o(i.GPS_Pow_init)
    i.Get_Para_IIC                           0x08000998   Section        0  24cxx.o(i.Get_Para_IIC)
    i.Get_Region_Pos                         0x08000a44   Section        0  gps.o(i.Get_Region_Pos)
    i.Get_Region_Pos_wp                      0x08000aae   Section        0  gps.o(i.Get_Region_Pos_wp)
    i.Get_TMP_Raw                            0x08000b10   Section        0  tmp121.o(i.Get_TMP_Raw)
    i.IIC_Ack                                0x08000b40   Section        0  myiic.o(i.IIC_Ack)
    i.IIC_Init                               0x08000b90   Section        0  myiic.o(i.IIC_Init)
    i.IIC_NAck                               0x08000bd4   Section        0  myiic.o(i.IIC_NAck)
    i.IIC_Read_Byte                          0x08000c24   Section        0  myiic.o(i.IIC_Read_Byte)
    i.IIC_Send_Byte                          0x08000c90   Section        0  myiic.o(i.IIC_Send_Byte)
    i.IIC_Start                              0x08000cf8   Section        0  myiic.o(i.IIC_Start)
    i.IIC_Stop                               0x08000d44   Section        0  myiic.o(i.IIC_Stop)
    i.IIC_Wait_Ack                           0x08000d90   Section        0  myiic.o(i.IIC_Wait_Ack)
    i.InitGlbSt                              0x08000df0   Section        0  test.o(i.InitGlbSt)
    i.InitHardware                           0x08000eb0   Section        0  test.o(i.InitHardware)
    i.Is_Leap_Year                           0x08000f3c   Section        0  sys.o(i.Is_Leap_Year)
    i.LED_Init                               0x08000f78   Section        0  sys.o(i.LED_Init)
    i.LED_ReFresh                            0x08000fc4   Section        0  sys.o(i.LED_ReFresh)
    i.MY_NVIC_Init                           0x0800107c   Section        0  sys.o(i.MY_NVIC_Init)
    i.MY_NVIC_PriorityGroupConfig            0x080010f4   Section        0  sys.o(i.MY_NVIC_PriorityGroupConfig)
    i.MY_NVIC_SetVectorTable                 0x0800111c   Section        0  sys.o(i.MY_NVIC_SetVectorTable)
    i.ProcPC_CMD                             0x0800112c   Section        0  usart.o(i.ProcPC_CMD)
    i.ProcPer1s                              0x080013d0   Section        0  test.o(i.ProcPer1s)
    i.Proc_RxByte_GPS                        0x08001480   Section        0  gps.o(i.Proc_RxByte_GPS)
    i.Proc_RxByte_SYS                        0x080018d0   Section        0  usart.o(i.Proc_RxByte_SYS)
    i.Proc_RxCMD_GPS                         0x08001be4   Section        0  gps.o(i.Proc_RxCMD_GPS)
    i.Proc_RxCMD_SYS                         0x08001c58   Section        0  usart.o(i.Proc_RxCMD_SYS)
    i.Proc_TxFrame_SYS                       0x08001cf4   Section        0  usart.o(i.Proc_TxFrame_SYS)
    i.Prorc_GPS_Top                          0x08001e40   Section        0  gps.o(i.Prorc_GPS_Top)
    i.Prorc_RNSS_GPS_RMC_GSV                 0x08001e94   Section        0  gps.o(i.Prorc_RNSS_GPS_RMC_GSV)
    i.RTC_Get_Week                           0x080025a4   Section        0  sys.o(i.RTC_Get_Week)
    i.Rtc2UnixT                              0x0800261c   Section        0  sys.o(i.Rtc2UnixT)
    i.SPI1_Init                              0x080026d0   Section        0  spi.o(i.SPI1_Init)
    i.SPI1_ReadWriteByte                     0x08002780   Section        0  spi.o(i.SPI1_ReadWriteByte)
    i.SPI1_SetSpeed                          0x080027b0   Section        0  spi.o(i.SPI1_SetSpeed)
    i.SPI2_Init                              0x080027dc   Section        0  tmp121.o(i.SPI2_Init)
    i.SPI2_ReadWriteByte                     0x080028a8   Section        0  tmp121.o(i.SPI2_ReadWriteByte)
    i.SPI2_SetSpeed                          0x080028dc   Section        0  tmp121.o(i.SPI2_SetSpeed)
    i.Send_Err                               0x08002908   Section        0  usart.o(i.Send_Err)
    i.Send_GPS_C_V                           0x080029c0   Section        0  usart.o(i.Send_GPS_C_V)
    i.Send_Last_SYN_Table                    0x08002a98   Section        0  usart.o(i.Send_Last_SYN_Table)
    i.Send_Meas_Adj_Res                      0x08002b90   Section        0  usart.o(i.Send_Meas_Adj_Res)
    i.Send_SIGID                             0x08002c78   Section        0  usart.o(i.Send_SIGID)
    i.Send_STA_Sys                           0x08002d40   Section        0  usart.o(i.Send_STA_Sys)
    i.Send_SoftVer                           0x08002f0c   Section        0  usart.o(i.Send_SoftVer)
    i.Send_Sys_GPSPPS                        0x08002fb0   Section        0  usart.o(i.Send_Sys_GPSPPS)
    i.Send_Sys_MeasPlu                       0x08003120   Section        0  usart.o(i.Send_Sys_MeasPlu)
    i.Send_Sys_NavPPS                        0x080032a0   Section        0  usart.o(i.Send_Sys_NavPPS)
    i.SetPPSSel                              0x08003410   Section        0  test.o(i.SetPPSSel)
    i.Set_Para_IIC                           0x08003464   Section        0  24cxx.o(i.Set_Para_IIC)
    i.Stm32_Clock_Init                       0x080034ac   Section        0  sys.o(i.Stm32_Clock_Init)
    i.Sys_Clock_Set                          0x08003514   Section        0  sys.o(i.Sys_Clock_Set)
    i.TIM2_Adj_Start                         0x08003600   Section        0  timer.o(i.TIM2_Adj_Start)
    i.TIM2_ExPul_Meas_Start                  0x08003644   Section        0  timer.o(i.TIM2_ExPul_Meas_Start)
    i.TIM2_ExPul_Meas_Stop                   0x08003688   Section        0  timer.o(i.TIM2_ExPul_Meas_Stop)
    i.TIM2_IRQHandler                        0x080036cc   Section        0  timer.o(i.TIM2_IRQHandler)
    i.TIM2_KEEP_Init                         0x0800395c   Section        0  timer.o(i.TIM2_KEEP_Init)
    i.TIM2_Meas_Start                        0x08003b74   Section        0  timer.o(i.TIM2_Meas_Start)
    i.TIM6_50ms_Init                         0x08003bb8   Section        0  timer.o(i.TIM6_50ms_Init)
    i.TIM6_DAC_IRQHandler                    0x08003c38   Section        0  timer.o(i.TIM6_DAC_IRQHandler)
    i.UART1_GPS_init                         0x08003d24   Section        0  gps.o(i.UART1_GPS_init)
    i.UART1_RX_DMA_Config                    0x08003e40   Section        0  gps.o(i.UART1_RX_DMA_Config)
    i.UART6_RX_DMA_Config                    0x08003f5c   Section        0  usart.o(i.UART6_RX_DMA_Config)
    i.UART6_SYS_init                         0x08004078   Section        0  usart.o(i.UART6_SYS_init)
    i.UART6_TX_DMA_Config                    0x080041b8   Section        0  usart.o(i.UART6_TX_DMA_Config)
    i.UnixT2Rtc                              0x080042d0   Section        0  sys.o(i.UnixT2Rtc)
    i.delay_init                             0x080043b0   Section        0  delay.o(i.delay_init)
    i.delay_ms                               0x080043f0   Section        0  delay.o(i.delay_ms)
    i.delay_us                               0x08004428   Section        0  delay.o(i.delay_us)
    i.delay_xms                              0x0800446c   Section        0  delay.o(i.delay_xms)
    i.getCRC16                               0x080044a8   Section        0  sys.o(i.getCRC16)
    i.getCRCtable2                           0x080044d6   Section        0  sys.o(i.getCRCtable2)
    i.initKeepSta                            0x08004518   Section        0  test.o(i.initKeepSta)
    i.initPPSSel                             0x0800454c   Section        0  test.o(i.initPPSSel)
    i.init_TMP121                            0x0800457c   Section        0  tmp121.o(i.init_TMP121)
    i.main                                   0x0800458c   Section        0  test.o(i.main)
    i.refPPSSel                              0x08004c88   Section        0  test.o(i.refPPSSel)
    x$fpl$basic                              0x08004cd0   Section       24  basic.o(x$fpl$basic)
    $v0                                      0x08004cd0   Number         0  basic.o(x$fpl$basic)
    x$fpl$dadd                               0x08004ce8   Section      336  daddsub_clz.o(x$fpl$dadd)
    $v0                                      0x08004ce8   Number         0  daddsub_clz.o(x$fpl$dadd)
    _dadd1                                   0x08004cf9   Thumb Code     0  daddsub_clz.o(x$fpl$dadd)
    x$fpl$dcmpinf                            0x08004e38   Section       24  dcmpi.o(x$fpl$dcmpinf)
    $v0                                      0x08004e38   Number         0  dcmpi.o(x$fpl$dcmpinf)
    x$fpl$ddiv                               0x08004e50   Section      688  ddiv.o(x$fpl$ddiv)
    $v0                                      0x08004e50   Number         0  ddiv.o(x$fpl$ddiv)
    ddiv_entry                               0x08004e57   Thumb Code     0  ddiv.o(x$fpl$ddiv)
    x$fpl$dfix                               0x08005100   Section       94  dfix.o(x$fpl$dfix)
    $v0                                      0x08005100   Number         0  dfix.o(x$fpl$dfix)
    x$fpl$dfltu                              0x0800515e   Section       38  dflt_clz.o(x$fpl$dfltu)
    $v0                                      0x0800515e   Number         0  dflt_clz.o(x$fpl$dfltu)
    x$fpl$dleqf                              0x08005184   Section      120  dleqf.o(x$fpl$dleqf)
    $v0                                      0x08005184   Number         0  dleqf.o(x$fpl$dleqf)
    x$fpl$dmul                               0x080051fc   Section      340  dmul.o(x$fpl$dmul)
    $v0                                      0x080051fc   Number         0  dmul.o(x$fpl$dmul)
    x$fpl$dnaninf                            0x08005350   Section      156  dnaninf.o(x$fpl$dnaninf)
    $v0                                      0x08005350   Number         0  dnaninf.o(x$fpl$dnaninf)
    x$fpl$dretinf                            0x080053ec   Section       12  dretinf.o(x$fpl$dretinf)
    $v0                                      0x080053ec   Number         0  dretinf.o(x$fpl$dretinf)
    x$fpl$drleqf                             0x080053f8   Section      108  drleqf.o(x$fpl$drleqf)
    $v0                                      0x080053f8   Number         0  drleqf.o(x$fpl$drleqf)
    x$fpl$drsb                               0x08005464   Section       22  daddsub_clz.o(x$fpl$drsb)
    $v0                                      0x08005464   Number         0  daddsub_clz.o(x$fpl$drsb)
    x$fpl$dsub                               0x0800547c   Section      468  daddsub_clz.o(x$fpl$dsub)
    $v0                                      0x0800547c   Number         0  daddsub_clz.o(x$fpl$dsub)
    _dsub1                                   0x0800548d   Thumb Code     0  daddsub_clz.o(x$fpl$dsub)
    x$fpl$f2d                                0x08005650   Section       86  f2d.o(x$fpl$f2d)
    $v0                                      0x08005650   Number         0  f2d.o(x$fpl$f2d)
    x$fpl$fnaninf                            0x080056a6   Section      140  fnaninf.o(x$fpl$fnaninf)
    $v0                                      0x080056a6   Number         0  fnaninf.o(x$fpl$fnaninf)
    x$fpl$fpinit                             0x08005732   Section       10  fpinit.o(x$fpl$fpinit)
    $v0                                      0x08005732   Number         0  fpinit.o(x$fpl$fpinit)
    .constdata                               0x0800573c   Section       24  sys.o(.constdata)
    x$fpl$usenofp                            0x0800573c   Section        0  usenofp.o(x$fpl$usenofp)
    .data                                    0x20000000   Section       89  test.o(.data)
    .data                                    0x2000005a   Section        4  delay.o(.data)
    fac_us                                   0x2000005a   Data           1  delay.o(.data)
    fac_ms                                   0x2000005c   Data           2  delay.o(.data)
    .data                                    0x2000005e   Section        4  sys.o(.data)
    .data                                    0x20000064   Section       23  usart.o(.data)
    Uart6_Sys_STA                            0x20000075   Data           1  usart.o(.data)
    RxProPos                                 0x20000076   Data           2  usart.o(.data)
    DataLen                                  0x20000078   Data           2  usart.o(.data)
    UART6_SYS_OveTime_Flag                   0x2000007a   Data           1  usart.o(.data)
    .data                                    0x2000007c   Section        8  timer.o(.data)
    .data                                    0x20000084   Section       20  gps.o(.data)
    Uart1_GPS_STA                            0x20000091   Data           1  gps.o(.data)
    RxProPos                                 0x20000092   Data           2  gps.o(.data)
    UART1_GPS_OveTime_Flag                   0x20000094   Data           1  gps.o(.data)
    GPS_Power                                0x20000095   Data           1  gps.o(.data)
    GPS_V_Timer                              0x20000096   Data           2  gps.o(.data)
    .bss                                     0x20000098   Section      232  test.o(.bss)
    .bss                                     0x20000180   Section     1024  sys.o(.bss)
    .bss                                     0x20000580   Section    14848  usart.o(.bss)
    .bss                                     0x20003f80   Section    11264  gps.o(.bss)
    .bss                                     0x20006b80   Section       96  libspace.o(.bss)
    HEAP                                     0x20006be0   Section        0  startup_stm32f40_41xxx.o(HEAP)
    STACK                                    0x20006be0   Section     1024  startup_stm32f40_41xxx.o(STACK)
    Heap_Mem                                 0x20006be0   Data           0  startup_stm32f40_41xxx.o(HEAP)
    Stack_Mem                                0x20006be0   Data        1024  startup_stm32f40_41xxx.o(STACK)
    __initial_sp                             0x20006fe0   Data           0  startup_stm32f40_41xxx.o(STACK)

    Global Symbols

    Symbol Name                              Value     Ov Type        Size  Object(Section)

    BuildAttributes$$THM_ISAv4$E$P$D$K$B$S$7EM$VFPi3$EXTD16$VFPS$VFMA$PE$A:L22UL41UL21$X:L11$S22US41US21$IEEE1$IW$USESV6$~STKCKD$USESV7$~SHL$OSPACE$ROPI$EBA8$UX$STANDARDLIB$REQ8$PRES8$EABIv2 0x00000000   Number         0  anon$$obj.o ABSOLUTE
    __ARM_use_no_argv                        0x00000000   Number         0  test.o ABSOLUTE
    __ARM_exceptions_init                     - Undefined Weak Reference
    __alloca_initialize                       - Undefined Weak Reference
    __arm_preinit_                            - Undefined Weak Reference
    __cpp_initialize__aeabi_                  - Undefined Weak Reference
    __cxa_finalize                            - Undefined Weak Reference
    __rt_locale                               - Undefined Weak Reference
    __sigvec_lookup                           - Undefined Weak Reference
    _atexit_init                              - Undefined Weak Reference
    _call_atexit_fns                          - Undefined Weak Reference
    _clock_init                               - Undefined Weak Reference
    _fp_trap_init                             - Undefined Weak Reference
    _fp_trap_shutdown                         - Undefined Weak Reference
    _get_lc_collate                           - Undefined Weak Reference
    _get_lc_ctype                             - Undefined Weak Reference
    _get_lc_monetary                          - Undefined Weak Reference
    _get_lc_numeric                           - Undefined Weak Reference
    _get_lc_time                              - Undefined Weak Reference
    _getenv_init                              - Undefined Weak Reference
    _handle_redirection                       - Undefined Weak Reference
    _init_alloc                               - Undefined Weak Reference
    _init_user_alloc                          - Undefined Weak Reference
    _initio                                   - Undefined Weak Reference
    _rand_init                                - Undefined Weak Reference
    _signal_finish                            - Undefined Weak Reference
    _signal_init                              - Undefined Weak Reference
    _terminate_alloc                          - Undefined Weak Reference
    _terminate_user_alloc                     - Undefined Weak Reference
    _terminateio                              - Undefined Weak Reference
    __Vectors_Size                           0x00000188   Number         0  startup_stm32f40_41xxx.o ABSOLUTE
    __Vectors                                0x08000000   Data           4  startup_stm32f40_41xxx.o(RESET)
    __Vectors_End                            0x08000188   Data           0  startup_stm32f40_41xxx.o(RESET)
    __main                                   0x08000189   Thumb Code     8  __main.o(!!!main)
    __scatterload                            0x08000191   Thumb Code     0  __scatter.o(!!!scatter)
    __scatterload_rt2                        0x08000191   Thumb Code    44  __scatter.o(!!!scatter)
    __scatterload_rt2_thumb_only             0x08000191   Thumb Code     0  __scatter.o(!!!scatter)
    __scatterload_null                       0x0800019f   Thumb Code     0  __scatter.o(!!!scatter)
    __scatterload_copy                       0x080001c5   Thumb Code    26  __scatter_copy.o(!!handler_copy)
    __scatterload_zeroinit                   0x080001e1   Thumb Code    28  __scatter_zi.o(!!handler_zi)
    __rt_lib_init                            0x080001fd   Thumb Code     0  libinit.o(.ARM.Collect$$libinit$$00000000)
    __rt_lib_init_fp_1                       0x080001ff   Thumb Code     0  libinit2.o(.ARM.Collect$$libinit$$00000001)
    __rt_lib_init_alloca_1                   0x08000203   Thumb Code     0  libinit2.o(.ARM.Collect$$libinit$$0000002E)
    __rt_lib_init_argv_1                     0x08000203   Thumb Code     0  libinit2.o(.ARM.Collect$$libinit$$0000002C)
    __rt_lib_init_atexit_1                   0x08000203   Thumb Code     0  libinit2.o(.ARM.Collect$$libinit$$0000001B)
    __rt_lib_init_clock_1                    0x08000203   Thumb Code     0  libinit2.o(.ARM.Collect$$libinit$$00000021)
    __rt_lib_init_cpp_1                      0x08000203   Thumb Code     0  libinit2.o(.ARM.Collect$$libinit$$00000032)
    __rt_lib_init_exceptions_1               0x08000203   Thumb Code     0  libinit2.o(.ARM.Collect$$libinit$$00000030)
    __rt_lib_init_fp_trap_1                  0x08000203   Thumb Code     0  libinit2.o(.ARM.Collect$$libinit$$0000001F)
    __rt_lib_init_getenv_1                   0x08000203   Thumb Code     0  libinit2.o(.ARM.Collect$$libinit$$00000023)
    __rt_lib_init_heap_1                     0x08000203   Thumb Code     0  libinit2.o(.ARM.Collect$$libinit$$0000000A)
    __rt_lib_init_lc_collate_1               0x08000203   Thumb Code     0  libinit2.o(.ARM.Collect$$libinit$$00000011)
    __rt_lib_init_lc_ctype_1                 0x08000203   Thumb Code     0  libinit2.o(.ARM.Collect$$libinit$$00000013)
    __rt_lib_init_lc_monetary_1              0x08000203   Thumb Code     0  libinit2.o(.ARM.Collect$$libinit$$00000015)
    __rt_lib_init_lc_numeric_1               0x08000203   Thumb Code     0  libinit2.o(.ARM.Collect$$libinit$$00000017)
    __rt_lib_init_lc_time_1                  0x08000203   Thumb Code     0  libinit2.o(.ARM.Collect$$libinit$$00000019)
    __rt_lib_init_preinit_1                  0x08000203   Thumb Code     0  libinit2.o(.ARM.Collect$$libinit$$00000004)
    __rt_lib_init_rand_1                     0x08000203   Thumb Code     0  libinit2.o(.ARM.Collect$$libinit$$0000000E)
    __rt_lib_init_return                     0x08000203   Thumb Code     0  libinit2.o(.ARM.Collect$$libinit$$00000033)
    __rt_lib_init_signal_1                   0x08000203   Thumb Code     0  libinit2.o(.ARM.Collect$$libinit$$0000001D)
    __rt_lib_init_stdio_1                    0x08000203   Thumb Code     0  libinit2.o(.ARM.Collect$$libinit$$00000025)
    __rt_lib_init_user_alloc_1               0x08000203   Thumb Code     0  libinit2.o(.ARM.Collect$$libinit$$0000000C)
    __rt_lib_shutdown                        0x08000205   Thumb Code     0  libshutdown.o(.ARM.Collect$$libshutdown$$00000000)
    __rt_lib_shutdown_cpp_1                  0x08000207   Thumb Code     0  libshutdown2.o(.ARM.Collect$$libshutdown$$00000002)
    __rt_lib_shutdown_fp_trap_1              0x08000207   Thumb Code     0  libshutdown2.o(.ARM.Collect$$libshutdown$$00000007)
    __rt_lib_shutdown_heap_1                 0x08000207   Thumb Code     0  libshutdown2.o(.ARM.Collect$$libshutdown$$0000000F)
    __rt_lib_shutdown_return                 0x08000207   Thumb Code     0  libshutdown2.o(.ARM.Collect$$libshutdown$$00000010)
    __rt_lib_shutdown_signal_1               0x08000207   Thumb Code     0  libshutdown2.o(.ARM.Collect$$libshutdown$$0000000A)
    __rt_lib_shutdown_stdio_1                0x08000207   Thumb Code     0  libshutdown2.o(.ARM.Collect$$libshutdown$$00000004)
    __rt_lib_shutdown_user_alloc_1           0x08000207   Thumb Code     0  libshutdown2.o(.ARM.Collect$$libshutdown$$0000000C)
    __rt_entry                               0x08000209   Thumb Code     0  __rtentry.o(.ARM.Collect$$rtentry$$00000000)
    __rt_entry_presh_1                       0x08000209   Thumb Code     0  __rtentry2.o(.ARM.Collect$$rtentry$$00000002)
    __rt_entry_sh                            0x08000209   Thumb Code     0  __rtentry4.o(.ARM.Collect$$rtentry$$00000004)
    __rt_entry_li                            0x0800020f   Thumb Code     0  __rtentry2.o(.ARM.Collect$$rtentry$$0000000A)
    __rt_entry_postsh_1                      0x0800020f   Thumb Code     0  __rtentry2.o(.ARM.Collect$$rtentry$$00000009)
    __rt_entry_main                          0x08000213   Thumb Code     0  __rtentry2.o(.ARM.Collect$$rtentry$$0000000D)
    __rt_entry_postli_1                      0x08000213   Thumb Code     0  __rtentry2.o(.ARM.Collect$$rtentry$$0000000C)
    __rt_exit                                0x0800021b   Thumb Code     0  rtexit.o(.ARM.Collect$$rtexit$$00000000)
    __rt_exit_ls                             0x0800021d   Thumb Code     0  rtexit2.o(.ARM.Collect$$rtexit$$00000003)
    __rt_exit_prels_1                        0x0800021d   Thumb Code     0  rtexit2.o(.ARM.Collect$$rtexit$$00000002)
    __rt_exit_exit                           0x08000221   Thumb Code     0  rtexit2.o(.ARM.Collect$$rtexit$$00000004)
    Reset_Handler                            0x08000229   Thumb Code    14  startup_stm32f40_41xxx.o(.text)
    NMI_Handler                              0x08000237   Thumb Code     2  startup_stm32f40_41xxx.o(.text)
    HardFault_Handler                        0x08000239   Thumb Code     2  startup_stm32f40_41xxx.o(.text)
    MemManage_Handler                        0x0800023b   Thumb Code     2  startup_stm32f40_41xxx.o(.text)
    BusFault_Handler                         0x0800023d   Thumb Code     2  startup_stm32f40_41xxx.o(.text)
    UsageFault_Handler                       0x0800023f   Thumb Code     2  startup_stm32f40_41xxx.o(.text)
    SVC_Handler                              0x08000241   Thumb Code     2  startup_stm32f40_41xxx.o(.text)
    DebugMon_Handler                         0x08000243   Thumb Code     2  startup_stm32f40_41xxx.o(.text)
    PendSV_Handler                           0x08000245   Thumb Code     2  startup_stm32f40_41xxx.o(.text)
    SysTick_Handler                          0x08000247   Thumb Code     2  startup_stm32f40_41xxx.o(.text)
    ADC_IRQHandler                           0x08000249   Thumb Code     0  startup_stm32f40_41xxx.o(.text)
    CAN1_RX0_IRQHandler                      0x08000249   Thumb Code     0  startup_stm32f40_41xxx.o(.text)
    CAN1_RX1_IRQHandler                      0x08000249   Thumb Code     0  startup_stm32f40_41xxx.o(.text)
    CAN1_SCE_IRQHandler                      0x08000249   Thumb Code     0  startup_stm32f40_41xxx.o(.text)
    CAN1_TX_IRQHandler                       0x08000249   Thumb Code     0  startup_stm32f40_41xxx.o(.text)
    CAN2_RX0_IRQHandler                      0x08000249   Thumb Code     0  startup_stm32f40_41xxx.o(.text)
    CAN2_RX1_IRQHandler                      0x08000249   Thumb Code     0  startup_stm32f40_41xxx.o(.text)
    CAN2_SCE_IRQHandler                      0x08000249   Thumb Code     0  startup_stm32f40_41xxx.o(.text)
    CAN2_TX_IRQHandler                       0x08000249   Thumb Code     0  startup_stm32f40_41xxx.o(.text)
    CRYP_IRQHandler                          0x08000249   Thumb Code     0  startup_stm32f40_41xxx.o(.text)
    DCMI_IRQHandler                          0x08000249   Thumb Code     0  startup_stm32f40_41xxx.o(.text)
    DMA1_Stream0_IRQHandler                  0x08000249   Thumb Code     0  startup_stm32f40_41xxx.o(.text)
    DMA1_Stream1_IRQHandler                  0x08000249   Thumb Code     0  startup_stm32f40_41xxx.o(.text)
    DMA1_Stream2_IRQHandler                  0x08000249   Thumb Code     0  startup_stm32f40_41xxx.o(.text)
    DMA1_Stream3_IRQHandler                  0x08000249   Thumb Code     0  startup_stm32f40_41xxx.o(.text)
    DMA1_Stream4_IRQHandler                  0x08000249   Thumb Code     0  startup_stm32f40_41xxx.o(.text)
    DMA1_Stream5_IRQHandler                  0x08000249   Thumb Code     0  startup_stm32f40_41xxx.o(.text)
    DMA1_Stream6_IRQHandler                  0x08000249   Thumb Code     0  startup_stm32f40_41xxx.o(.text)
    DMA1_Stream7_IRQHandler                  0x08000249   Thumb Code     0  startup_stm32f40_41xxx.o(.text)
    DMA2_Stream0_IRQHandler                  0x08000249   Thumb Code     0  startup_stm32f40_41xxx.o(.text)
    DMA2_Stream1_IRQHandler                  0x08000249   Thumb Code     0  startup_stm32f40_41xxx.o(.text)
    DMA2_Stream2_IRQHandler                  0x08000249   Thumb Code     0  startup_stm32f40_41xxx.o(.text)
    DMA2_Stream3_IRQHandler                  0x08000249   Thumb Code     0  startup_stm32f40_41xxx.o(.text)
    DMA2_Stream4_IRQHandler                  0x08000249   Thumb Code     0  startup_stm32f40_41xxx.o(.text)
    DMA2_Stream5_IRQHandler                  0x08000249   Thumb Code     0  startup_stm32f40_41xxx.o(.text)
    DMA2_Stream6_IRQHandler                  0x08000249   Thumb Code     0  startup_stm32f40_41xxx.o(.text)
    DMA2_Stream7_IRQHandler                  0x08000249   Thumb Code     0  startup_stm32f40_41xxx.o(.text)
    ETH_IRQHandler                           0x08000249   Thumb Code     0  startup_stm32f40_41xxx.o(.text)
    ETH_WKUP_IRQHandler                      0x08000249   Thumb Code     0  startup_stm32f40_41xxx.o(.text)
    EXTI0_IRQHandler                         0x08000249   Thumb Code     0  startup_stm32f40_41xxx.o(.text)
    EXTI15_10_IRQHandler                     0x08000249   Thumb Code     0  startup_stm32f40_41xxx.o(.text)
    EXTI1_IRQHandler                         0x08000249   Thumb Code     0  startup_stm32f40_41xxx.o(.text)
    EXTI2_IRQHandler                         0x08000249   Thumb Code     0  startup_stm32f40_41xxx.o(.text)
    EXTI3_IRQHandler                         0x08000249   Thumb Code     0  startup_stm32f40_41xxx.o(.text)
    EXTI4_IRQHandler                         0x08000249   Thumb Code     0  startup_stm32f40_41xxx.o(.text)
    EXTI9_5_IRQHandler                       0x08000249   Thumb Code     0  startup_stm32f40_41xxx.o(.text)
    FLASH_IRQHandler                         0x08000249   Thumb Code     0  startup_stm32f40_41xxx.o(.text)
    FPU_IRQHandler                           0x08000249   Thumb Code     0  startup_stm32f40_41xxx.o(.text)
    FSMC_IRQHandler                          0x08000249   Thumb Code     0  startup_stm32f40_41xxx.o(.text)
    HASH_RNG_IRQHandler                      0x08000249   Thumb Code     0  startup_stm32f40_41xxx.o(.text)
    I2C1_ER_IRQHandler                       0x08000249   Thumb Code     0  startup_stm32f40_41xxx.o(.text)
    I2C1_EV_IRQHandler                       0x08000249   Thumb Code     0  startup_stm32f40_41xxx.o(.text)
    I2C2_ER_IRQHandler                       0x08000249   Thumb Code     0  startup_stm32f40_41xxx.o(.text)
    I2C2_EV_IRQHandler                       0x08000249   Thumb Code     0  startup_stm32f40_41xxx.o(.text)
    I2C3_ER_IRQHandler                       0x08000249   Thumb Code     0  startup_stm32f40_41xxx.o(.text)
    I2C3_EV_IRQHandler                       0x08000249   Thumb Code     0  startup_stm32f40_41xxx.o(.text)
    OTG_FS_IRQHandler                        0x08000249   Thumb Code     0  startup_stm32f40_41xxx.o(.text)
    OTG_FS_WKUP_IRQHandler                   0x08000249   Thumb Code     0  startup_stm32f40_41xxx.o(.text)
    OTG_HS_EP1_IN_IRQHandler                 0x08000249   Thumb Code     0  startup_stm32f40_41xxx.o(.text)
    OTG_HS_EP1_OUT_IRQHandler                0x08000249   Thumb Code     0  startup_stm32f40_41xxx.o(.text)
    OTG_HS_IRQHandler                        0x08000249   Thumb Code     0  startup_stm32f40_41xxx.o(.text)
    OTG_HS_WKUP_IRQHandler                   0x08000249   Thumb Code     0  startup_stm32f40_41xxx.o(.text)
    PVD_IRQHandler                           0x08000249   Thumb Code     0  startup_stm32f40_41xxx.o(.text)
    RCC_IRQHandler                           0x08000249   Thumb Code     0  startup_stm32f40_41xxx.o(.text)
    RTC_Alarm_IRQHandler                     0x08000249   Thumb Code     0  startup_stm32f40_41xxx.o(.text)
    RTC_WKUP_IRQHandler                      0x08000249   Thumb Code     0  startup_stm32f40_41xxx.o(.text)
    SDIO_IRQHandler                          0x08000249   Thumb Code     0  startup_stm32f40_41xxx.o(.text)
    SPI1_IRQHandler                          0x08000249   Thumb Code     0  startup_stm32f40_41xxx.o(.text)
    SPI2_IRQHandler                          0x08000249   Thumb Code     0  startup_stm32f40_41xxx.o(.text)
    SPI3_IRQHandler                          0x08000249   Thumb Code     0  startup_stm32f40_41xxx.o(.text)
    TAMP_STAMP_IRQHandler                    0x08000249   Thumb Code     0  startup_stm32f40_41xxx.o(.text)
    TIM1_BRK_TIM9_IRQHandler                 0x08000249   Thumb Code     0  startup_stm32f40_41xxx.o(.text)
    TIM1_CC_IRQHandler                       0x08000249   Thumb Code     0  startup_stm32f40_41xxx.o(.text)
    TIM1_TRG_COM_TIM11_IRQHandler            0x08000249   Thumb Code     0  startup_stm32f40_41xxx.o(.text)
    TIM1_UP_TIM10_IRQHandler                 0x08000249   Thumb Code     0  startup_stm32f40_41xxx.o(.text)
    TIM3_IRQHandler                          0x08000249   Thumb Code     0  startup_stm32f40_41xxx.o(.text)
    TIM4_IRQHandler                          0x08000249   Thumb Code     0  startup_stm32f40_41xxx.o(.text)
    TIM5_IRQHandler                          0x08000249   Thumb Code     0  startup_stm32f40_41xxx.o(.text)
    TIM7_IRQHandler                          0x08000249   Thumb Code     0  startup_stm32f40_41xxx.o(.text)
    TIM8_BRK_TIM12_IRQHandler                0x08000249   Thumb Code     0  startup_stm32f40_41xxx.o(.text)
    TIM8_CC_IRQHandler                       0x08000249   Thumb Code     0  startup_stm32f40_41xxx.o(.text)
    TIM8_TRG_COM_TIM14_IRQHandler            0x08000249   Thumb Code     0  startup_stm32f40_41xxx.o(.text)
    TIM8_UP_TIM13_IRQHandler                 0x08000249   Thumb Code     0  startup_stm32f40_41xxx.o(.text)
    UART4_IRQHandler                         0x08000249   Thumb Code     0  startup_stm32f40_41xxx.o(.text)
    UART5_IRQHandler                         0x08000249   Thumb Code     0  startup_stm32f40_41xxx.o(.text)
    USART1_IRQHandler                        0x08000249   Thumb Code     0  startup_stm32f40_41xxx.o(.text)
    USART2_IRQHandler                        0x08000249   Thumb Code     0  startup_stm32f40_41xxx.o(.text)
    USART3_IRQHandler                        0x08000249   Thumb Code     0  startup_stm32f40_41xxx.o(.text)
    USART6_IRQHandler                        0x08000249   Thumb Code     0  startup_stm32f40_41xxx.o(.text)
    WWDG_IRQHandler                          0x08000249   Thumb Code     0  startup_stm32f40_41xxx.o(.text)
    __user_initial_stackheap                 0x0800024d   Thumb Code     0  startup_stm32f40_41xxx.o(.text)
    __aeabi_memcpy                           0x0800026d   Thumb Code     0  rt_memcpy_v6.o(.text)
    __rt_memcpy                              0x0800026d   Thumb Code   138  rt_memcpy_v6.o(.text)
    _memcpy_lastbytes                        0x080002d3   Thumb Code     0  rt_memcpy_v6.o(.text)
    strcmp                                   0x080002f9   Thumb Code   128  strcmpv7m.o(.text)
    __use_two_region_memory                  0x08000379   Thumb Code     2  heapauxi.o(.text)
    __rt_heap_escrow$2region                 0x0800037b   Thumb Code     2  heapauxi.o(.text)
    __rt_heap_expand$2region                 0x0800037d   Thumb Code     2  heapauxi.o(.text)
    __aeabi_memcpy4                          0x0800037f   Thumb Code     0  rt_memcpy_w.o(.text)
    __aeabi_memcpy8                          0x0800037f   Thumb Code     0  rt_memcpy_w.o(.text)
    __rt_memcpy_w                            0x0800037f   Thumb Code   100  rt_memcpy_w.o(.text)
    _memcpy_lastbytes_aligned                0x080003c7   Thumb Code     0  rt_memcpy_w.o(.text)
    __user_setup_stackheap                   0x080003e3   Thumb Code    74  sys_stackheap_outer.o(.text)
    exit                                     0x0800042d   Thumb Code    18  exit.o(.text)
    __user_libspace                          0x08000441   Thumb Code     8  libspace.o(.text)
    __user_perproc_libspace                  0x08000441   Thumb Code     0  libspace.o(.text)
    __user_perthread_libspace                0x08000441   Thumb Code     0  libspace.o(.text)
    _sys_exit                                0x08000449   Thumb Code     8  sys_exit.o(.text)
    __I$use$semihosting                      0x08000455   Thumb Code     0  use_no_semi.o(.text)
    __use_no_semihosting_swi                 0x08000455   Thumb Code     2  use_no_semi.o(.text)
    AT24CXX_Init                             0x08000457   Thumb Code     8  24cxx.o(i.AT24CXX_Init)
    __semihosting_library_function           0x08000457   Thumb Code     0  indicate_semi.o(.text)
    AT24CXX_Read                             0x0800045f   Thumb Code    34  24cxx.o(i.AT24CXX_Read)
    AT24CXX_ReadOneByte                      0x08000481   Thumb Code    88  24cxx.o(i.AT24CXX_ReadOneByte)
    AT24CXX_Write                            0x080004d9   Thumb Code    36  24cxx.o(i.AT24CXX_Write)
    AT24CXX_WriteOneByte                     0x080004fd   Thumb Code    80  24cxx.o(i.AT24CXX_WriteOneByte)
    AdjCalc                                  0x0800054d   Thumb Code    94  timer.o(i.AdjCalc)
    CheckBcc                                 0x080005b1   Thumb Code    26  usart.o(i.CheckBcc)
    CheckBccGPS                              0x080005cb   Thumb Code    26  gps.o(i.CheckBccGPS)
    CheckTimerOve                            0x080005e5   Thumb Code    52  timer.o(i.CheckTimerOve)
    DIGPOT_Init                              0x0800061d   Thumb Code    56  digpot.o(i.DIGPOT_Init)
    DIGPOT_Write                             0x08000665   Thumb Code    58  digpot.o(i.DIGPOT_Write)
    Enable_U6_Tx_DMA                         0x080006a9   Thumb Code   156  usart.o(i.Enable_U6_Tx_DMA)
    GPIO_AF_Set                              0x08000749   Thumb Code    64  sys.o(i.GPIO_AF_Set)
    GPIO_Set                                 0x08000789   Thumb Code   222  sys.o(i.GPIO_Set)
    GPS_Pow                                  0x08000869   Thumb Code    18  gps.o(i.GPS_Pow)
    GPS_Pow_Re                               0x08000881   Thumb Code   168  gps.o(i.GPS_Pow_Re)
    GPS_Pow_init                             0x08000939   Thumb Code    78  gps.o(i.GPS_Pow_init)
    Get_Para_IIC                             0x08000999   Thumb Code   166  24cxx.o(i.Get_Para_IIC)
    Get_Region_Pos                           0x08000a45   Thumb Code   106  gps.o(i.Get_Region_Pos)
    Get_Region_Pos_wp                        0x08000aaf   Thumb Code    98  gps.o(i.Get_Region_Pos_wp)
    Get_TMP_Raw                              0x08000b11   Thumb Code    40  tmp121.o(i.Get_TMP_Raw)
    IIC_Ack                                  0x08000b41   Thumb Code    66  myiic.o(i.IIC_Ack)
    IIC_Init                                 0x08000b91   Thumb Code    50  myiic.o(i.IIC_Init)
    IIC_NAck                                 0x08000bd5   Thumb Code    66  myiic.o(i.IIC_NAck)
    IIC_Read_Byte                            0x08000c25   Thumb Code    94  myiic.o(i.IIC_Read_Byte)
    IIC_Send_Byte                            0x08000c91   Thumb Code    90  myiic.o(i.IIC_Send_Byte)
    IIC_Start                                0x08000cf9   Thumb Code    64  myiic.o(i.IIC_Start)
    IIC_Stop                                 0x08000d45   Thumb Code    62  myiic.o(i.IIC_Stop)
    IIC_Wait_Ack                             0x08000d91   Thumb Code    82  myiic.o(i.IIC_Wait_Ack)
    InitGlbSt                                0x08000df1   Thumb Code   172  test.o(i.InitGlbSt)
    InitHardware                             0x08000eb1   Thumb Code   118  test.o(i.InitHardware)
    Is_Leap_Year                             0x08000f3d   Thumb Code    58  sys.o(i.Is_Leap_Year)
    LED_Init                                 0x08000f79   Thumb Code    60  sys.o(i.LED_Init)
    LED_ReFresh                              0x08000fc5   Thumb Code   170  sys.o(i.LED_ReFresh)
    MY_NVIC_Init                             0x0800107d   Thumb Code   116  sys.o(i.MY_NVIC_Init)
    MY_NVIC_PriorityGroupConfig              0x080010f5   Thumb Code    32  sys.o(i.MY_NVIC_PriorityGroupConfig)
    MY_NVIC_SetVectorTable                   0x0800111d   Thumb Code    12  sys.o(i.MY_NVIC_SetVectorTable)
    ProcPC_CMD                               0x0800112d   Thumb Code   648  usart.o(i.ProcPC_CMD)
    ProcPer1s                                0x080013d1   Thumb Code   150  test.o(i.ProcPer1s)
    Proc_RxByte_GPS                          0x08001481   Thumb Code  1100  gps.o(i.Proc_RxByte_GPS)
    Proc_RxByte_SYS                          0x080018d1   Thumb Code   734  usart.o(i.Proc_RxByte_SYS)
    Proc_RxCMD_GPS                           0x08001be5   Thumb Code   102  gps.o(i.Proc_RxCMD_GPS)
    Proc_RxCMD_SYS                           0x08001c59   Thumb Code   144  usart.o(i.Proc_RxCMD_SYS)
    Proc_TxFrame_SYS                         0x08001cf5   Thumb Code   314  usart.o(i.Proc_TxFrame_SYS)
    Prorc_GPS_Top                            0x08001e41   Thumb Code    80  gps.o(i.Prorc_GPS_Top)
    Prorc_RNSS_GPS_RMC_GSV                   0x08001e95   Thumb Code  1782  gps.o(i.Prorc_RNSS_GPS_RMC_GSV)
    RTC_Get_Week                             0x080025a5   Thumb Code   116  sys.o(i.RTC_Get_Week)
    Rtc2UnixT                                0x0800261d   Thumb Code   162  sys.o(i.Rtc2UnixT)
    SPI1_Init                                0x080026d1   Thumb Code   164  spi.o(i.SPI1_Init)
    SPI1_ReadWriteByte                       0x08002781   Thumb Code    42  spi.o(i.SPI1_ReadWriteByte)
    SPI1_SetSpeed                            0x080027b1   Thumb Code    40  spi.o(i.SPI1_SetSpeed)
    SPI2_Init                                0x080027dd   Thumb Code   186  tmp121.o(i.SPI2_Init)
    SPI2_ReadWriteByte                       0x080028a9   Thumb Code    46  tmp121.o(i.SPI2_ReadWriteByte)
    SPI2_SetSpeed                            0x080028dd   Thumb Code    40  tmp121.o(i.SPI2_SetSpeed)
    Send_Err                                 0x08002909   Thumb Code   176  usart.o(i.Send_Err)
    Send_GPS_C_V                             0x080029c1   Thumb Code   206  usart.o(i.Send_GPS_C_V)
    Send_Last_SYN_Table                      0x08002a99   Thumb Code   240  usart.o(i.Send_Last_SYN_Table)
    Send_Meas_Adj_Res                        0x08002b91   Thumb Code   218  usart.o(i.Send_Meas_Adj_Res)
    Send_SIGID                               0x08002c79   Thumb Code   186  usart.o(i.Send_SIGID)
    Send_STA_Sys                             0x08002d41   Thumb Code   440  usart.o(i.Send_STA_Sys)
    Send_SoftVer                             0x08002f0d   Thumb Code   156  usart.o(i.Send_SoftVer)
    Send_Sys_GPSPPS                          0x08002fb1   Thumb Code   342  usart.o(i.Send_Sys_GPSPPS)
    Send_Sys_MeasPlu                         0x08003121   Thumb Code   354  usart.o(i.Send_Sys_MeasPlu)
    Send_Sys_NavPPS                          0x080032a1   Thumb Code   342  usart.o(i.Send_Sys_NavPPS)
    SetPPSSel                                0x08003411   Thumb Code    70  test.o(i.SetPPSSel)
    Set_Para_IIC                             0x08003465   Thumb Code    72  24cxx.o(i.Set_Para_IIC)
    Stm32_Clock_Init                         0x080034ad   Thumb Code    90  sys.o(i.Stm32_Clock_Init)
    Sys_Clock_Set                            0x08003515   Thumb Code   226  sys.o(i.Sys_Clock_Set)
    TIM2_Adj_Start                           0x08003601   Thumb Code    64  timer.o(i.TIM2_Adj_Start)
    TIM2_ExPul_Meas_Start                    0x08003645   Thumb Code    64  timer.o(i.TIM2_ExPul_Meas_Start)
    TIM2_ExPul_Meas_Stop                     0x08003689   Thumb Code    64  timer.o(i.TIM2_ExPul_Meas_Stop)
    TIM2_IRQHandler                          0x080036cd   Thumb Code   598  timer.o(i.TIM2_IRQHandler)
    TIM2_KEEP_Init                           0x0800395d   Thumb Code   524  timer.o(i.TIM2_KEEP_Init)
    TIM2_Meas_Start                          0x08003b75   Thumb Code    64  timer.o(i.TIM2_Meas_Start)
    TIM6_50ms_Init                           0x08003bb9   Thumb Code   120  timer.o(i.TIM6_50ms_Init)
    TIM6_DAC_IRQHandler                      0x08003c39   Thumb Code   212  timer.o(i.TIM6_DAC_IRQHandler)
    UART1_GPS_init                           0x08003d25   Thumb Code   268  gps.o(i.UART1_GPS_init)
    UART1_RX_DMA_Config                      0x08003e41   Thumb Code   268  gps.o(i.UART1_RX_DMA_Config)
    UART6_RX_DMA_Config                      0x08003f5d   Thumb Code   268  usart.o(i.UART6_RX_DMA_Config)
    UART6_SYS_init                           0x08004079   Thumb Code   302  usart.o(i.UART6_SYS_init)
    UART6_TX_DMA_Config                      0x080041b9   Thumb Code   266  usart.o(i.UART6_TX_DMA_Config)
    UnixT2Rtc                                0x080042d1   Thumb Code   216  sys.o(i.UnixT2Rtc)
    delay_init                               0x080043b1   Thumb Code    56  delay.o(i.delay_init)
    delay_ms                                 0x080043f1   Thumb Code    56  delay.o(i.delay_ms)
    delay_us                                 0x08004429   Thumb Code    62  delay.o(i.delay_us)
    delay_xms                                0x0800446d   Thumb Code    56  delay.o(i.delay_xms)
    getCRC16                                 0x080044a9   Thumb Code    46  sys.o(i.getCRC16)
    getCRCtable2                             0x080044d7   Thumb Code    64  sys.o(i.getCRCtable2)
    initKeepSta                              0x08004519   Thumb Code    38  test.o(i.initKeepSta)
    initPPSSel                               0x0800454d   Thumb Code    40  test.o(i.initPPSSel)
    init_TMP121                              0x0800457d   Thumb Code    14  tmp121.o(i.init_TMP121)
    main                                     0x0800458d   Thumb Code  1736  test.o(i.main)
    refPPSSel                                0x08004c89   Thumb Code    64  test.o(i.refPPSSel)
    __aeabi_dneg                             0x08004cd1   Thumb Code     0  basic.o(x$fpl$basic)
    _dneg                                    0x08004cd1   Thumb Code     6  basic.o(x$fpl$basic)
    __aeabi_fneg                             0x08004cd7   Thumb Code     0  basic.o(x$fpl$basic)
    _fneg                                    0x08004cd7   Thumb Code     6  basic.o(x$fpl$basic)
    _dabs                                    0x08004cdd   Thumb Code     6  basic.o(x$fpl$basic)
    _fabs                                    0x08004ce3   Thumb Code     6  basic.o(x$fpl$basic)
    __aeabi_dadd                             0x08004ce9   Thumb Code     0  daddsub_clz.o(x$fpl$dadd)
    _dadd                                    0x08004ce9   Thumb Code   332  daddsub_clz.o(x$fpl$dadd)
    __fpl_dcmp_Inf                           0x08004e39   Thumb Code    24  dcmpi.o(x$fpl$dcmpinf)
    __aeabi_ddiv                             0x08004e51   Thumb Code     0  ddiv.o(x$fpl$ddiv)
    _ddiv                                    0x08004e51   Thumb Code   552  ddiv.o(x$fpl$ddiv)
    __aeabi_d2iz                             0x08005101   Thumb Code     0  dfix.o(x$fpl$dfix)
    _dfix                                    0x08005101   Thumb Code    94  dfix.o(x$fpl$dfix)
    __aeabi_ui2d                             0x0800515f   Thumb Code     0  dflt_clz.o(x$fpl$dfltu)
    _dfltu                                   0x0800515f   Thumb Code    38  dflt_clz.o(x$fpl$dfltu)
    __aeabi_cdcmple                          0x08005185   Thumb Code     0  dleqf.o(x$fpl$dleqf)
    _dcmple                                  0x08005185   Thumb Code   120  dleqf.o(x$fpl$dleqf)
    __fpl_dcmple_InfNaN                      0x080051e7   Thumb Code     0  dleqf.o(x$fpl$dleqf)
    __aeabi_dmul                             0x080051fd   Thumb Code     0  dmul.o(x$fpl$dmul)
    _dmul                                    0x080051fd   Thumb Code   332  dmul.o(x$fpl$dmul)
    __fpl_dnaninf                            0x08005351   Thumb Code   156  dnaninf.o(x$fpl$dnaninf)
    __fpl_dretinf                            0x080053ed   Thumb Code    12  dretinf.o(x$fpl$dretinf)
    __aeabi_cdrcmple                         0x080053f9   Thumb Code     0  drleqf.o(x$fpl$drleqf)
    _drcmple                                 0x080053f9   Thumb Code   108  drleqf.o(x$fpl$drleqf)
    __aeabi_drsub                            0x08005465   Thumb Code     0  daddsub_clz.o(x$fpl$drsb)
    _drsb                                    0x08005465   Thumb Code    22  daddsub_clz.o(x$fpl$drsb)
    __aeabi_dsub                             0x0800547d   Thumb Code     0  daddsub_clz.o(x$fpl$dsub)
    _dsub                                    0x0800547d   Thumb Code   464  daddsub_clz.o(x$fpl$dsub)
    __aeabi_f2d                              0x08005651   Thumb Code     0  f2d.o(x$fpl$f2d)
    _f2d                                     0x08005651   Thumb Code    86  f2d.o(x$fpl$f2d)
    __fpl_fnaninf                            0x080056a7   Thumb Code   140  fnaninf.o(x$fpl$fnaninf)
    _fp_init                                 0x08005733   Thumb Code    10  fpinit.o(x$fpl$fpinit)
    __fplib_config_fpu_vfp                   0x0800573b   Thumb Code     0  fpinit.o(x$fpl$fpinit)
    __fplib_config_pureend_doubles           0x0800573b   Thumb Code     0  fpinit.o(x$fpl$fpinit)
    __I$use$fp                               0x0800573c   Number         0  usenofp.o(x$fpl$usenofp)
    table_week                               0x0800573c   Data          12  sys.o(.constdata)
    mon_table                                0x08005748   Data          12  sys.o(.constdata)
    Region$$Table$$Base                      0x08005754   Number         0  anon$$obj.o(Region$$Table)
    Region$$Table$$Limit                     0x08005774   Number         0  anon$$obj.o(Region$$Table)
    Err_Temp                                 0x20000000   Data           1  test.o(.data)
    Next_SYN_Item                            0x20000001   Data           1  test.o(.data)
    SuccTimLast                              0x20000004   Data           4  test.o(.data)
    Correct_m_Last                           0x20000008   Data           4  test.o(.data)
    PerTimer                                 0x2000000c   Data           4  test.o(.data)
    PulW_NAT1P                               0x20000010   Data           4  test.o(.data)
    SuccAdjNum                               0x20000014   Data           2  test.o(.data)
    AcqTimeResFlag                           0x20000016   Data           1  test.o(.data)
    AcqTime20ns                              0x20000018   Data           4  test.o(.data)
    AcqTimeS                                 0x2000001c   Data           4  test.o(.data)
    AcqGPSTime                               0x20000020   Data           4  test.o(.data)
    AdjTimeResFlag                           0x20000024   Data           1  test.o(.data)
    Correct_m                                0x20000028   Data           4  test.o(.data)
    Timer2_OnOff                             0x2000002c   Data           1  test.o(.data)
    GPS_A_V_TimerOve                         0x20000030   Data           4  test.o(.data)
    GPS_A_V_TimerOve50ms                     0x20000034   Data           4  test.o(.data)
    ProgP_SYN_Flag                           0x20000038   Data           1  test.o(.data)
    NaviD_Send_Flag                          0x20000039   Data           1  test.o(.data)
    GPSD_Send_Flag                           0x2000003a   Data           1  test.o(.data)
    exPulMeasFlag                            0x2000003b   Data           1  test.o(.data)
    exPul_TimerOve                           0x2000003c   Data           4  test.o(.data)
    exPul_TimerOve50ms                       0x20000040   Data           1  test.o(.data)
    exPulMeas_ns                             0x20000044   Data           4  test.o(.data)
    exPulMeas_s                              0x20000048   Data           4  test.o(.data)
    Device_SN0                               0x2000004c   Data           4  test.o(.data)
    Device_SN1                               0x20000050   Data           4  test.o(.data)
    Device_SN2                               0x20000054   Data           4  test.o(.data)
    PPS_Sel_Flag                             0x20000058   Data           1  test.o(.data)
    LED_Per                                  0x2000005e   Data           2  sys.o(.data)
    LED_Sat                                  0x20000060   Data           2  sys.o(.data)
    U6_Sys_Rx_ProcPos                        0x20000064   Data           2  usart.o(.data)
    U6_Sys_Rx_GetPos                         0x20000066   Data           2  usart.o(.data)
    U6_Sys_Rx_ProcFrame                      0x20000068   Data           2  usart.o(.data)
    U6_Sys_Rx_GetFrame                       0x2000006a   Data           2  usart.o(.data)
    U6_Sys_Tx_InFrame                        0x2000006c   Data           2  usart.o(.data)
    U6_Sys_Tx_OuFrame                        0x2000006e   Data           2  usart.o(.data)
    UART6_SYS_OveTimeS                       0x20000070   Data           4  usart.o(.data)
    UART6_SYS_OveTime50MS                    0x20000074   Data           1  usart.o(.data)
    Meas_OVETime                             0x2000007c   Data           1  timer.o(.data)
    Adj_OVETime                              0x2000007e   Data           2  timer.o(.data)
    Adj_SoftC                                0x20000080   Data           4  timer.o(.data)
    U1_GPS_Rx_ProcPos                        0x20000084   Data           2  gps.o(.data)
    U1_GPS_Rx_GetPos                         0x20000086   Data           2  gps.o(.data)
    U1_GPS_Rx_ProcFrame                      0x20000088   Data           2  gps.o(.data)
    U1_GPS_Rx_GetFrame                       0x2000008a   Data           2  gps.o(.data)
    UART1_GPS_OveTimeS                       0x2000008c   Data           4  gps.o(.data)
    UART1_GPS_OveTime50MS                    0x20000090   Data           1  gps.o(.data)
    G_StaV_St                                0x20000098   Data          88  test.o(.bss)
    Last_SYN_Table                           0x200000f0   Data         100  test.o(.bss)
    Try_ParaVar                              0x20000154   Data          44  test.o(.bss)
    crcTalbe                                 0x20000180   Data        1024  sys.o(.bss)
    U6_Sys_RxBuf                             0x20000580   Data         512  usart.o(.bss)
    U6_Sys_RxFrame                           0x20000780   Data        4096  usart.o(.bss)
    U6_Sys_TxFrame                           0x20001780   Data       10240  usart.o(.bss)
    U1_GPS_RxBuf                             0x20003f80   Data        1024  gps.o(.bss)
    U1_GPS_RxFrame                           0x20004380   Data       10240  gps.o(.bss)
    __libspace_start                         0x20006b80   Data          96  libspace.o(.bss)
    __temporary_stack_top$libspace           0x20006be0   Data           0  libspace.o(.bss)



==============================================================================

Memory Map of the image

  Image Entry point : 0x08000189

  Load Region LR_IROM1 (Base: 0x08000000, Size: 0x0000580c, Max: 0x00100000, ABSOLUTE)

    Execution Region ER_IROM1 (Base: 0x08000000, Size: 0x00005774, Max: 0x00100000, ABSOLUTE)

    Base Addr    Size         Type   Attr      Idx    E Section Name        Object

    0x08000000   0x00000188   Data   RO            3    RESET               startup_stm32f40_41xxx.o
    0x08000188   0x00000008   Code   RO          995  * !!!main             c_w.l(__main.o)
    0x08000190   0x00000034   Code   RO         1193    !!!scatter          c_w.l(__scatter.o)
    0x080001c4   0x0000001a   Code   RO         1195    !!handler_copy      c_w.l(__scatter_copy.o)
    0x080001de   0x00000002   PAD
    0x080001e0   0x0000001c   Code   RO         1197    !!handler_zi        c_w.l(__scatter_zi.o)
    0x080001fc   0x00000002   Code   RO         1063    .ARM.Collect$$libinit$$00000000  c_w.l(libinit.o)
    0x080001fe   0x00000004   Code   RO         1069    .ARM.Collect$$libinit$$00000001  c_w.l(libinit2.o)
    0x08000202   0x00000000   Code   RO         1072    .ARM.Collect$$libinit$$00000004  c_w.l(libinit2.o)
    0x08000202   0x00000000   Code   RO         1075    .ARM.Collect$$libinit$$0000000A  c_w.l(libinit2.o)
    0x08000202   0x00000000   Code   RO         1077    .ARM.Collect$$libinit$$0000000C  c_w.l(libinit2.o)
    0x08000202   0x00000000   Code   RO         1079    .ARM.Collect$$libinit$$0000000E  c_w.l(libinit2.o)
    0x08000202   0x00000000   Code   RO         1082    .ARM.Collect$$libinit$$00000011  c_w.l(libinit2.o)
    0x08000202   0x00000000   Code   RO         1084    .ARM.Collect$$libinit$$00000013  c_w.l(libinit2.o)
    0x08000202   0x00000000   Code   RO         1086    .ARM.Collect$$libinit$$00000015  c_w.l(libinit2.o)
    0x08000202   0x00000000   Code   RO         1088    .ARM.Collect$$libinit$$00000017  c_w.l(libinit2.o)
    0x08000202   0x00000000   Code   RO         1090    .ARM.Collect$$libinit$$00000019  c_w.l(libinit2.o)
    0x08000202   0x00000000   Code   RO         1092    .ARM.Collect$$libinit$$0000001B  c_w.l(libinit2.o)
    0x08000202   0x00000000   Code   RO         1094    .ARM.Collect$$libinit$$0000001D  c_w.l(libinit2.o)
    0x08000202   0x00000000   Code   RO         1096    .ARM.Collect$$libinit$$0000001F  c_w.l(libinit2.o)
    0x08000202   0x00000000   Code   RO         1098    .ARM.Collect$$libinit$$00000021  c_w.l(libinit2.o)
    0x08000202   0x00000000   Code   RO         1100    .ARM.Collect$$libinit$$00000023  c_w.l(libinit2.o)
    0x08000202   0x00000000   Code   RO         1102    .ARM.Collect$$libinit$$00000025  c_w.l(libinit2.o)
    0x08000202   0x00000000   Code   RO         1106    .ARM.Collect$$libinit$$0000002C  c_w.l(libinit2.o)
    0x08000202   0x00000000   Code   RO         1108    .ARM.Collect$$libinit$$0000002E  c_w.l(libinit2.o)
    0x08000202   0x00000000   Code   RO         1110    .ARM.Collect$$libinit$$00000030  c_w.l(libinit2.o)
    0x08000202   0x00000000   Code   RO         1112    .ARM.Collect$$libinit$$00000032  c_w.l(libinit2.o)
    0x08000202   0x00000002   Code   RO         1113    .ARM.Collect$$libinit$$00000033  c_w.l(libinit2.o)
    0x08000204   0x00000002   Code   RO         1133    .ARM.Collect$$libshutdown$$00000000  c_w.l(libshutdown.o)
    0x08000206   0x00000000   Code   RO         1146    .ARM.Collect$$libshutdown$$00000002  c_w.l(libshutdown2.o)
    0x08000206   0x00000000   Code   RO         1148    .ARM.Collect$$libshutdown$$00000004  c_w.l(libshutdown2.o)
    0x08000206   0x00000000   Code   RO         1151    .ARM.Collect$$libshutdown$$00000007  c_w.l(libshutdown2.o)
    0x08000206   0x00000000   Code   RO         1154    .ARM.Collect$$libshutdown$$0000000A  c_w.l(libshutdown2.o)
    0x08000206   0x00000000   Code   RO         1156    .ARM.Collect$$libshutdown$$0000000C  c_w.l(libshutdown2.o)
    0x08000206   0x00000000   Code   RO         1159    .ARM.Collect$$libshutdown$$0000000F  c_w.l(libshutdown2.o)
    0x08000206   0x00000002   Code   RO         1160    .ARM.Collect$$libshutdown$$00000010  c_w.l(libshutdown2.o)
    0x08000208   0x00000000   Code   RO         1027    .ARM.Collect$$rtentry$$00000000  c_w.l(__rtentry.o)
    0x08000208   0x00000000   Code   RO         1040    .ARM.Collect$$rtentry$$00000002  c_w.l(__rtentry2.o)
    0x08000208   0x00000006   Code   RO         1052    .ARM.Collect$$rtentry$$00000004  c_w.l(__rtentry4.o)
    0x0800020e   0x00000000   Code   RO         1042    .ARM.Collect$$rtentry$$00000009  c_w.l(__rtentry2.o)
    0x0800020e   0x00000004   Code   RO         1043    .ARM.Collect$$rtentry$$0000000A  c_w.l(__rtentry2.o)
    0x08000212   0x00000000   Code   RO         1045    .ARM.Collect$$rtentry$$0000000C  c_w.l(__rtentry2.o)
    0x08000212   0x00000008   Code   RO         1046    .ARM.Collect$$rtentry$$0000000D  c_w.l(__rtentry2.o)
    0x0800021a   0x00000002   Code   RO         1067    .ARM.Collect$$rtexit$$00000000  c_w.l(rtexit.o)
    0x0800021c   0x00000000   Code   RO         1115    .ARM.Collect$$rtexit$$00000002  c_w.l(rtexit2.o)
    0x0800021c   0x00000004   Code   RO         1116    .ARM.Collect$$rtexit$$00000003  c_w.l(rtexit2.o)
    0x08000220   0x00000006   Code   RO         1117    .ARM.Collect$$rtexit$$00000004  c_w.l(rtexit2.o)
    0x08000226   0x00000002   PAD
    0x08000228   0x00000044   Code   RO            4    .text               startup_stm32f40_41xxx.o
    0x0800026c   0x0000008a   Code   RO          989    .text               c_w.l(rt_memcpy_v6.o)
    0x080002f6   0x00000002   PAD
    0x080002f8   0x00000080   Code   RO          991    .text               c_w.l(strcmpv7m.o)
    0x08000378   0x00000006   Code   RO          993    .text               c_w.l(heapauxi.o)
    0x0800037e   0x00000064   Code   RO         1028    .text               c_w.l(rt_memcpy_w.o)
    0x080003e2   0x0000004a   Code   RO         1054    .text               c_w.l(sys_stackheap_outer.o)
    0x0800042c   0x00000012   Code   RO         1056    .text               c_w.l(exit.o)
    0x0800043e   0x00000002   PAD
    0x08000440   0x00000008   Code   RO         1064    .text               c_w.l(libspace.o)
    0x08000448   0x0000000c   Code   RO         1125    .text               c_w.l(sys_exit.o)
    0x08000454   0x00000002   Code   RO         1136    .text               c_w.l(use_no_semi.o)
    0x08000456   0x00000000   Code   RO         1138    .text               c_w.l(indicate_semi.o)
    0x08000456   0x00000008   Code   RO          810    i.AT24CXX_Init      24cxx.o
    0x0800045e   0x00000022   Code   RO          811    i.AT24CXX_Read      24cxx.o
    0x08000480   0x00000058   Code   RO          813    i.AT24CXX_ReadOneByte  24cxx.o
    0x080004d8   0x00000024   Code   RO          814    i.AT24CXX_Write     24cxx.o
    0x080004fc   0x00000050   Code   RO          816    i.AT24CXX_WriteOneByte  24cxx.o
    0x0800054c   0x00000064   Code   RO          507    i.AdjCalc           timer.o
    0x080005b0   0x0000001a   Code   RO          336    i.CheckBcc          usart.o
    0x080005ca   0x0000001a   Code   RO          623    i.CheckBccGPS       gps.o
    0x080005e4   0x00000038   Code   RO          508    i.CheckTimerOve     timer.o
    0x0800061c   0x00000048   Code   RO          597    i.DIGPOT_Init       digpot.o
    0x08000664   0x00000044   Code   RO          598    i.DIGPOT_Write      digpot.o
    0x080006a8   0x000000a0   Code   RO          337    i.Enable_U6_Tx_DMA  usart.o
    0x08000748   0x00000040   Code   RO          185    i.GPIO_AF_Set       sys.o
    0x08000788   0x000000de   Code   RO          186    i.GPIO_Set          sys.o
    0x08000866   0x00000002   PAD
    0x08000868   0x00000018   Code   RO          624    i.GPS_Pow           gps.o
    0x08000880   0x000000b8   Code   RO          625    i.GPS_Pow_Re        gps.o
    0x08000938   0x00000060   Code   RO          626    i.GPS_Pow_init      gps.o
    0x08000998   0x000000ac   Code   RO          817    i.Get_Para_IIC      24cxx.o
    0x08000a44   0x0000006a   Code   RO          627    i.Get_Region_Pos    gps.o
    0x08000aae   0x00000062   Code   RO          628    i.Get_Region_Pos_wp  gps.o
    0x08000b10   0x00000030   Code   RO          945    i.Get_TMP_Raw       tmp121.o
    0x08000b40   0x00000050   Code   RO          883    i.IIC_Ack           myiic.o
    0x08000b90   0x00000044   Code   RO          884    i.IIC_Init          myiic.o
    0x08000bd4   0x00000050   Code   RO          885    i.IIC_NAck          myiic.o
    0x08000c24   0x0000006c   Code   RO          886    i.IIC_Read_Byte     myiic.o
    0x08000c90   0x00000068   Code   RO          887    i.IIC_Send_Byte     myiic.o
    0x08000cf8   0x0000004c   Code   RO          888    i.IIC_Start         myiic.o
    0x08000d44   0x0000004c   Code   RO          889    i.IIC_Stop          myiic.o
    0x08000d90   0x00000060   Code   RO          890    i.IIC_Wait_Ack      myiic.o
    0x08000df0   0x000000c0   Code   RO           12    i.InitGlbSt         test.o
    0x08000eb0   0x0000008c   Code   RO           13    i.InitHardware      test.o
    0x08000f3c   0x0000003a   Code   RO          188    i.Is_Leap_Year      sys.o
    0x08000f76   0x00000002   PAD
    0x08000f78   0x0000004c   Code   RO          189    i.LED_Init          sys.o
    0x08000fc4   0x000000b8   Code   RO          190    i.LED_ReFresh       sys.o
    0x0800107c   0x00000078   Code   RO          191    i.MY_NVIC_Init      sys.o
    0x080010f4   0x00000028   Code   RO          192    i.MY_NVIC_PriorityGroupConfig  sys.o
    0x0800111c   0x00000010   Code   RO          193    i.MY_NVIC_SetVectorTable  sys.o
    0x0800112c   0x000002a4   Code   RO          338    i.ProcPC_CMD        usart.o
    0x080013d0   0x000000b0   Code   RO           14    i.ProcPer1s         test.o
    0x08001480   0x00000450   Code   RO          629    i.Proc_RxByte_GPS   gps.o
    0x080018d0   0x00000314   Code   RO          339    i.Proc_RxByte_SYS   usart.o
    0x08001be4   0x00000074   Code   RO          630    i.Proc_RxCMD_GPS    gps.o
    0x08001c58   0x0000009c   Code   RO          340    i.Proc_RxCMD_SYS    usart.o
    0x08001cf4   0x0000014c   Code   RO          341    i.Proc_TxFrame_SYS  usart.o
    0x08001e40   0x00000054   Code   RO          631    i.Prorc_GPS_Top     gps.o
    0x08001e94   0x00000710   Code   RO          632    i.Prorc_RNSS_GPS_RMC_GSV  gps.o
    0x080025a4   0x00000078   Code   RO          194    i.RTC_Get_Week      sys.o
    0x0800261c   0x000000b4   Code   RO          195    i.Rtc2UnixT         sys.o
    0x080026d0   0x000000b0   Code   RO          475    i.SPI1_Init         spi.o
    0x08002780   0x00000030   Code   RO          476    i.SPI1_ReadWriteByte  spi.o
    0x080027b0   0x0000002c   Code   RO          477    i.SPI1_SetSpeed     spi.o
    0x080027dc   0x000000cc   Code   RO          946    i.SPI2_Init         tmp121.o
    0x080028a8   0x00000034   Code   RO          947    i.SPI2_ReadWriteByte  tmp121.o
    0x080028dc   0x0000002c   Code   RO          948    i.SPI2_SetSpeed     tmp121.o
    0x08002908   0x000000b8   Code   RO          342    i.Send_Err          usart.o
    0x080029c0   0x000000d8   Code   RO          343    i.Send_GPS_C_V      usart.o
    0x08002a98   0x000000f8   Code   RO          344    i.Send_Last_SYN_Table  usart.o
    0x08002b90   0x000000e8   Code   RO          345    i.Send_Meas_Adj_Res  usart.o
    0x08002c78   0x000000c8   Code   RO          347    i.Send_SIGID        usart.o
    0x08002d40   0x000001cc   Code   RO          348    i.Send_STA_Sys      usart.o
    0x08002f0c   0x000000a4   Code   RO          349    i.Send_SoftVer      usart.o
    0x08002fb0   0x00000170   Code   RO          350    i.Send_Sys_GPSPPS   usart.o
    0x08003120   0x00000180   Code   RO          351    i.Send_Sys_MeasPlu  usart.o
    0x080032a0   0x00000170   Code   RO          352    i.Send_Sys_NavPPS   usart.o
    0x08003410   0x00000054   Code   RO           15    i.SetPPSSel         test.o
    0x08003464   0x00000048   Code   RO          818    i.Set_Para_IIC      24cxx.o
    0x080034ac   0x00000068   Code   RO          196    i.Stm32_Clock_Init  sys.o
    0x08003514   0x000000ec   Code   RO          198    i.Sys_Clock_Set     sys.o
    0x08003600   0x00000044   Code   RO          510    i.TIM2_Adj_Start    timer.o
    0x08003644   0x00000044   Code   RO          511    i.TIM2_ExPul_Meas_Start  timer.o
    0x08003688   0x00000044   Code   RO          512    i.TIM2_ExPul_Meas_Stop  timer.o
    0x080036cc   0x00000290   Code   RO          513    i.TIM2_IRQHandler   timer.o
    0x0800395c   0x00000218   Code   RO          514    i.TIM2_KEEP_Init    timer.o
    0x08003b74   0x00000044   Code   RO          515    i.TIM2_Meas_Start   timer.o
    0x08003bb8   0x00000080   Code   RO          517    i.TIM6_50ms_Init    timer.o
    0x08003c38   0x000000ec   Code   RO          518    i.TIM6_DAC_IRQHandler  timer.o
    0x08003d24   0x0000011c   Code   RO          633    i.UART1_GPS_init    gps.o
    0x08003e40   0x0000011c   Code   RO          634    i.UART1_RX_DMA_Config  gps.o
    0x08003f5c   0x0000011c   Code   RO          353    i.UART6_RX_DMA_Config  usart.o
    0x08004078   0x00000140   Code   RO          354    i.UART6_SYS_init    usart.o
    0x080041b8   0x00000118   Code   RO          355    i.UART6_TX_DMA_Config  usart.o
    0x080042d0   0x000000e0   Code   RO          202    i.UnixT2Rtc         sys.o
    0x080043b0   0x00000040   Code   RO          143    i.delay_init        delay.o
    0x080043f0   0x00000038   Code   RO          144    i.delay_ms          delay.o
    0x08004428   0x00000044   Code   RO          145    i.delay_us          delay.o
    0x0800446c   0x0000003c   Code   RO          146    i.delay_xms         delay.o
    0x080044a8   0x0000002e   Code   RO          203    i.getCRC16          sys.o
    0x080044d6   0x00000040   Code   RO          204    i.getCRCtable2      sys.o
    0x08004516   0x00000002   PAD
    0x08004518   0x00000034   Code   RO           16    i.initKeepSta       test.o
    0x0800454c   0x00000030   Code   RO           17    i.initPPSSel        test.o
    0x0800457c   0x0000000e   Code   RO          949    i.init_TMP121       tmp121.o
    0x0800458a   0x00000002   PAD
    0x0800458c   0x000006fc   Code   RO           18    i.main              test.o
    0x08004c88   0x00000048   Code   RO           19    i.refPPSSel         test.o
    0x08004cd0   0x00000018   Code   RO          997    x$fpl$basic         fz_wm.l(basic.o)
    0x08004ce8   0x00000150   Code   RO          999    x$fpl$dadd          fz_wm.l(daddsub_clz.o)
    0x08004e38   0x00000018   Code   RO         1030    x$fpl$dcmpinf       fz_wm.l(dcmpi.o)
    0x08004e50   0x000002b0   Code   RO         1006    x$fpl$ddiv          fz_wm.l(ddiv.o)
    0x08005100   0x0000005e   Code   RO         1009    x$fpl$dfix          fz_wm.l(dfix.o)
    0x0800515e   0x00000026   Code   RO         1013    x$fpl$dfltu         fz_wm.l(dflt_clz.o)
    0x08005184   0x00000078   Code   RO         1019    x$fpl$dleqf         fz_wm.l(dleqf.o)
    0x080051fc   0x00000154   Code   RO         1021    x$fpl$dmul          fz_wm.l(dmul.o)
    0x08005350   0x0000009c   Code   RO         1032    x$fpl$dnaninf       fz_wm.l(dnaninf.o)
    0x080053ec   0x0000000c   Code   RO         1034    x$fpl$dretinf       fz_wm.l(dretinf.o)
    0x080053f8   0x0000006c   Code   RO         1023    x$fpl$drleqf        fz_wm.l(drleqf.o)
    0x08005464   0x00000016   Code   RO         1000    x$fpl$drsb          fz_wm.l(daddsub_clz.o)
    0x0800547a   0x00000002   PAD
    0x0800547c   0x000001d4   Code   RO         1001    x$fpl$dsub          fz_wm.l(daddsub_clz.o)
    0x08005650   0x00000056   Code   RO         1025    x$fpl$f2d           fz_wm.l(f2d.o)
    0x080056a6   0x0000008c   Code   RO         1036    x$fpl$fnaninf       fz_wm.l(fnaninf.o)
    0x08005732   0x0000000a   Code   RO         1123    x$fpl$fpinit        fz_wm.l(fpinit.o)
    0x0800573c   0x00000000   Code   RO         1038    x$fpl$usenofp       fz_wm.l(usenofp.o)
    0x0800573c   0x00000018   Data   RO          206    .constdata          sys.o
    0x08005754   0x00000020   Data   RO         1191    Region$$Table       anon$$obj.o


    Execution Region RW_IRAM1 (Base: 0x20000000, Size: 0x00006fe0, Max: 0x00020000, ABSOLUTE)

    Base Addr    Size         Type   Attr      Idx    E Section Name        Object

    0x20000000   0x00000059   Data   RW           21    .data               test.o
    0x20000059   0x00000001   PAD
    0x2000005a   0x00000004   Data   RW          147    .data               delay.o
    0x2000005e   0x00000004   Data   RW          207    .data               sys.o
    0x20000062   0x00000002   PAD
    0x20000064   0x00000017   Data   RW          357    .data               usart.o
    0x2000007b   0x00000001   PAD
    0x2000007c   0x00000008   Data   RW          519    .data               timer.o
    0x20000084   0x00000014   Data   RW          636    .data               gps.o
    0x20000098   0x000000e8   Zero   RW           20    .bss                test.o
    0x20000180   0x00000400   Zero   RW          205    .bss                sys.o
    0x20000580   0x00003a00   Zero   RW          356    .bss                usart.o
    0x20003f80   0x00002c00   Zero   RW          635    .bss                gps.o
    0x20006b80   0x00000060   Zero   RW         1065    .bss                c_w.l(libspace.o)
    0x20006be0   0x00000000   Zero   RW            2    HEAP                startup_stm32f40_41xxx.o
    0x20006be0   0x00000400   Zero   RW            1    STACK               startup_stm32f40_41xxx.o


==============================================================================

Image component sizes


      Code (inc. data)   RO Data    RW Data    ZI Data      Debug   Object Name

       490          6          0          0          0       4821   24cxx.o
       248         18          0          4          0       2475   delay.o
       140         26          0          0          0       1121   digpot.o
      4214        232          0         20      11264      10858   gps.o
       688        114          0          0          0       4442   myiic.o
       268         22          0          0          0       1633   spi.o
        68         24        392          0       1024        868   startup_stm32f40_41xxx.o
      1754        100         24          4       1024      15530   sys.o
      2552        278          0         89        232     252708   test.o
      1984        128          0          8          0       6383   timer.o
       362         36          0          0          0       2729   tmp121.o
      5846        338          0         23      14848      15469   usart.o

    ----------------------------------------------------------------------
     18622       1322        448        152      28392     319037   Object Totals
         0          0         32          0          0          0   (incl. Generated)
         8          0          0          4          0          0   (incl. Padding)

    ----------------------------------------------------------------------

      Code (inc. data)   RO Data    RW Data    ZI Data      Debug   Library Member Name

         8          0          0          0          0         68   __main.o
         0          0          0          0          0          0   __rtentry.o
        12          0          0          0          0          0   __rtentry2.o
         6          0          0          0          0          0   __rtentry4.o
        52          8          0          0          0          0   __scatter.o
        26          0          0          0          0          0   __scatter_copy.o
        28          0          0          0          0          0   __scatter_zi.o
        18          0          0          0          0         80   exit.o
         6          0          0          0          0        152   heapauxi.o
         0          0          0          0          0          0   indicate_semi.o
         2          0          0          0          0          0   libinit.o
         6          0          0          0          0          0   libinit2.o
         2          0          0          0          0          0   libshutdown.o
         2          0          0          0          0          0   libshutdown2.o
         8          4          0          0         96         68   libspace.o
       138          0          0          0          0         68   rt_memcpy_v6.o
       100          0          0          0          0         80   rt_memcpy_w.o
         2          0          0          0          0          0   rtexit.o
        10          0          0          0          0          0   rtexit2.o
       128          0          0          0          0         68   strcmpv7m.o
        12          4          0          0          0         68   sys_exit.o
        74          0          0          0          0         80   sys_stackheap_outer.o
         2          0          0          0          0         68   use_no_semi.o
        24          0          0          0          0        164   basic.o
       826         16          0          0          0        492   daddsub_clz.o
        24          0          0          0          0        116   dcmpi.o
       688        140          0          0          0        256   ddiv.o
        94          4          0          0          0        140   dfix.o
        38          0          0          0          0        116   dflt_clz.o
       120          4          0          0          0        140   dleqf.o
       340         12          0          0          0        152   dmul.o
       156          4          0          0          0        140   dnaninf.o
        12          0          0          0          0        116   dretinf.o
       108          0          0          0          0        128   drleqf.o
        86          4          0          0          0        132   f2d.o
       140          4          0          0          0        132   fnaninf.o
        10          0          0          0          0        116   fpinit.o
         0          0          0          0          0          0   usenofp.o

    ----------------------------------------------------------------------
      3318        204          0          0         96       3140   Library Totals
        10          0          0          0          0          0   (incl. Padding)

    ----------------------------------------------------------------------

      Code (inc. data)   RO Data    RW Data    ZI Data      Debug   Library Name

       642         16          0          0         96        800   c_w.l
      2666        188          0          0          0       2340   fz_wm.l

    ----------------------------------------------------------------------
      3318        204          0          0         96       3140   Library Totals

    ----------------------------------------------------------------------

==============================================================================


      Code (inc. data)   RO Data    RW Data    ZI Data      Debug   

     21940       1526        448        152      28488     311465   Grand Totals
     21940       1526        448        152      28488     311465   ELF Image Totals
     21940       1526        448        152          0          0   ROM Totals

==============================================================================

    Total RO  Size (Code + RO Data)                22388 (  21.86kB)
    Total RW  Size (RW Data + ZI Data)             28640 (  27.97kB)
    Total ROM Size (Code + RO Data + RW Data)      22540 (  22.01kB)

==============================================================================

